Archive member included to satisfy reference by file (symbol)

c:/program files/stm32cubeide/stm32cubeide/plugins/com.st.stm32cube.ide.mcu.externaltools.gnu-tools-for-stm32.10.3-2021.10.win32_1.0.0.202111181127/tools/bin/../lib/gcc/arm-none-eabi/10.3.1/../../../../arm-none-eabi/lib/thumb/v7e-m+fp/hard\libc_nano.a(lib_a-assert.o)
                              ./modbus/mbrtu.o (__assert_func)
c:/program files/stm32cubeide/stm32cubeide/plugins/com.st.stm32cube.ide.mcu.externaltools.gnu-tools-for-stm32.10.3-2021.10.win32_1.0.0.202111181127/tools/bin/../lib/gcc/arm-none-eabi/10.3.1/../../../../arm-none-eabi/lib/thumb/v7e-m+fp/hard\libc_nano.a(lib_a-errno.o)
                              ./Core/Src/syscalls.o (__errno)
c:/program files/stm32cubeide/stm32cubeide/plugins/com.st.stm32cube.ide.mcu.externaltools.gnu-tools-for-stm32.10.3-2021.10.win32_1.0.0.202111181127/tools/bin/../lib/gcc/arm-none-eabi/10.3.1/../../../../arm-none-eabi/lib/thumb/v7e-m+fp/hard\libc_nano.a(lib_a-exit.o)
                              c:/program files/stm32cubeide/stm32cubeide/plugins/com.st.stm32cube.ide.mcu.externaltools.gnu-tools-for-stm32.10.3-2021.10.win32_1.0.0.202111181127/tools/bin/../lib/gcc/arm-none-eabi/10.3.1/../../../../arm-none-eabi/lib/thumb/v7e-m+fp/hard/crt0.o (exit)
c:/program files/stm32cubeide/stm32cubeide/plugins/com.st.stm32cube.ide.mcu.externaltools.gnu-tools-for-stm32.10.3-2021.10.win32_1.0.0.202111181127/tools/bin/../lib/gcc/arm-none-eabi/10.3.1/../../../../arm-none-eabi/lib/thumb/v7e-m+fp/hard\libc_nano.a(lib_a-fprintf.o)
                              c:/program files/stm32cubeide/stm32cubeide/plugins/com.st.stm32cube.ide.mcu.externaltools.gnu-tools-for-stm32.10.3-2021.10.win32_1.0.0.202111181127/tools/bin/../lib/gcc/arm-none-eabi/10.3.1/../../../../arm-none-eabi/lib/thumb/v7e-m+fp/hard\libc_nano.a(lib_a-assert.o) (fiprintf)
c:/program files/stm32cubeide/stm32cubeide/plugins/com.st.stm32cube.ide.mcu.externaltools.gnu-tools-for-stm32.10.3-2021.10.win32_1.0.0.202111181127/tools/bin/../lib/gcc/arm-none-eabi/10.3.1/../../../../arm-none-eabi/lib/thumb/v7e-m+fp/hard\libc_nano.a(lib_a-impure.o)
                              c:/program files/stm32cubeide/stm32cubeide/plugins/com.st.stm32cube.ide.mcu.externaltools.gnu-tools-for-stm32.10.3-2021.10.win32_1.0.0.202111181127/tools/bin/../lib/gcc/arm-none-eabi/10.3.1/../../../../arm-none-eabi/lib/thumb/v7e-m+fp/hard\libc_nano.a(lib_a-exit.o) (_global_impure_ptr)
c:/program files/stm32cubeide/stm32cubeide/plugins/com.st.stm32cube.ide.mcu.externaltools.gnu-tools-for-stm32.10.3-2021.10.win32_1.0.0.202111181127/tools/bin/../lib/gcc/arm-none-eabi/10.3.1/../../../../arm-none-eabi/lib/thumb/v7e-m+fp/hard\libc_nano.a(lib_a-init.o)
                              c:/program files/stm32cubeide/stm32cubeide/plugins/com.st.stm32cube.ide.mcu.externaltools.gnu-tools-for-stm32.10.3-2021.10.win32_1.0.0.202111181127/tools/bin/../lib/gcc/arm-none-eabi/10.3.1/../../../../arm-none-eabi/lib/thumb/v7e-m+fp/hard/crt0.o (__libc_init_array)
c:/program files/stm32cubeide/stm32cubeide/plugins/com.st.stm32cube.ide.mcu.externaltools.gnu-tools-for-stm32.10.3-2021.10.win32_1.0.0.202111181127/tools/bin/../lib/gcc/arm-none-eabi/10.3.1/../../../../arm-none-eabi/lib/thumb/v7e-m+fp/hard\libc_nano.a(lib_a-memcpy-stub.o)
                              ./modbus/mbfuncother.o (memcpy)
c:/program files/stm32cubeide/stm32cubeide/plugins/com.st.stm32cube.ide.mcu.externaltools.gnu-tools-for-stm32.10.3-2021.10.win32_1.0.0.202111181127/tools/bin/../lib/gcc/arm-none-eabi/10.3.1/../../../../arm-none-eabi/lib/thumb/v7e-m+fp/hard\libc_nano.a(lib_a-memset.o)
                              c:/program files/stm32cubeide/stm32cubeide/plugins/com.st.stm32cube.ide.mcu.externaltools.gnu-tools-for-stm32.10.3-2021.10.win32_1.0.0.202111181127/tools/bin/../lib/gcc/arm-none-eabi/10.3.1/../../../../arm-none-eabi/lib/thumb/v7e-m+fp/hard/crt0.o (memset)
c:/program files/stm32cubeide/stm32cubeide/plugins/com.st.stm32cube.ide.mcu.externaltools.gnu-tools-for-stm32.10.3-2021.10.win32_1.0.0.202111181127/tools/bin/../lib/gcc/arm-none-eabi/10.3.1/../../../../arm-none-eabi/lib/thumb/v7e-m+fp/hard\libc_nano.a(lib_a-nano-vfprintf.o)
                              c:/program files/stm32cubeide/stm32cubeide/plugins/com.st.stm32cube.ide.mcu.externaltools.gnu-tools-for-stm32.10.3-2021.10.win32_1.0.0.202111181127/tools/bin/../lib/gcc/arm-none-eabi/10.3.1/../../../../arm-none-eabi/lib/thumb/v7e-m+fp/hard\libc_nano.a(lib_a-fprintf.o) (_vfprintf_r)
c:/program files/stm32cubeide/stm32cubeide/plugins/com.st.stm32cube.ide.mcu.externaltools.gnu-tools-for-stm32.10.3-2021.10.win32_1.0.0.202111181127/tools/bin/../lib/gcc/arm-none-eabi/10.3.1/../../../../arm-none-eabi/lib/thumb/v7e-m+fp/hard\libc_nano.a(lib_a-nano-vfprintf_i.o)
[...]
Memory Configuration

Name             Origin             Length             Attributes
RAM              0x0000000020000000 0x0000000000020000 xrw
FLASH            0x0000000008000000 0x0000000000080000 xr
*default*        0x0000000000000000 0xffffffffffffffff

Linker script and memory map

LOAD c:/program files/stm32cubeide/stm32cubeide/plugins/com.st.stm32cube.ide.mcu.externaltools.gnu-tools-for-stm32.10.3-2021.10.win32_1.0.0.202111181127/tools/bin/../lib/gcc/arm-none-eabi/10.3.1/thumb/v7e-m+fp/hard/crti.o
LOAD c:/program files/stm32cubeide/stm32cubeide/plugins/com.st.stm32cube.ide.mcu.externaltools.gnu-tools-for-stm32.10.3-2021.10.win32_1.0.0.202111181127/tools/bin/../lib/gcc/arm-none-eabi/10.3.1/thumb/v7e-m+fp/hard/crtbegin.o
LOAD c:/program files/stm32cubeide/stm32cubeide/plugins/com.st.stm32cube.ide.mcu.externaltools.gnu-tools-for-stm32.10.3-2021.10.win32_1.0.0.202111181127/tools/bin/../lib/gcc/arm-none-eabi/10.3.1/../../../../arm-none-eabi/lib/thumb/v7e-m+fp/hard/crt0.o
LOAD ./Core/Src/can.o
LOAD ./Core/Src/dac.o
LOAD ./Core/Src/gpio.o
LOAD ./Core/Src/main.o
LOAD ./Core/Src/stm32f4xx_hal_msp.o
LOAD ./Core/Src/stm32f4xx_it.o
LOAD ./Core/Src/syscalls.o
LOAD ./Core/Src/sysmem.o
LOAD ./Core/Src/system_stm32f4xx.o
LOAD ./Core/Src/tim.o
LOAD ./Core/Src/usart.o
LOAD ./Core/Startup/startup_stm32f446retx.o
LOAD ./Drivers/STM32F4xx_HAL_Driver/Src/stm32f4xx_hal.o
LOAD ./Drivers/STM32F4xx_HAL_Driver/Src/stm32f4xx_hal_can.o
LOAD ./Drivers/STM32F4xx_HAL_Driver/Src/stm32f4xx_hal_cortex.o
LOAD ./Drivers/STM32F4xx_HAL_Driver/Src/stm32f4xx_hal_dac.o
LOAD ./Drivers/STM32F4xx_HAL_Driver/Src/stm32f4xx_hal_dac_ex.o
LOAD ./Drivers/STM32F4xx_HAL_Driver/Src/stm32f4xx_hal_dma.o
LOAD ./Drivers/STM32F4xx_HAL_Driver/Src/stm32f4xx_hal_dma_ex.o
LOAD ./Drivers/STM32F4xx_HAL_Driver/Src/stm32f4xx_hal_exti.o
LOAD ./Drivers/STM32F4xx_HAL_Driver/Src/stm32f4xx_hal_flash.o
LOAD ./Drivers/STM32F4xx_HAL_Driver/Src/stm32f4xx_hal_flash_ex.o
LOAD ./Drivers/STM32F4xx_HAL_Driver/Src/stm32f4xx_hal_flash_ramfunc.o
LOAD ./Drivers/STM32F4xx_HAL_Driver/Src/stm32f4xx_hal_gpio.o
LOAD ./Drivers/STM32F4xx_HAL_Driver/Src/stm32f4xx_hal_pwr.o
LOAD ./Drivers/STM32F4xx_HAL_Driver/Src/stm32f4xx_hal_pwr_ex.o
LOAD ./Drivers/STM32F4xx_HAL_Driver/Src/stm32f4xx_hal_rcc.o
LOAD ./Drivers/STM32F4xx_HAL_Driver/Src/stm32f4xx_hal_rcc_ex.o
LOAD ./Drivers/STM32F4xx_HAL_Driver/Src/stm32f4xx_hal_tim.o
LOAD ./Drivers/STM32F4xx_HAL_Driver/Src/stm32f4xx_hal_tim_ex.o
LOAD ./Drivers/STM32F4xx_HAL_Driver/Src/stm32f4xx_hal_uart.o
LOAD ./modbus/mb.o
LOAD ./modbus/mbcrc.o
LOAD ./modbus/mbfunccoils.o
LOAD ./modbus/mbfuncdiag.o
LOAD ./modbus/mbfuncdisc.o
LOAD ./modbus/mbfuncholding.o
LOAD ./modbus/mbfuncinput.o
LOAD ./modbus/mbfuncother.o
LOAD ./modbus/mbrtu.o
LOAD ./modbus/mbutils.o
LOAD ./modbus/portevent.o
LOAD ./modbus/portserial.o
LOAD ./modbus/porttimer.o
START GROUP
LOAD c:/program files/stm32cubeide/stm32cubeide/plugins/com.st.stm32cube.ide.mcu.externaltools.gnu-tools-for-stm32.10.3-2021.10.win32_1.0.0.202111181127/tools/bin/../lib/gcc/arm-none-eabi/10.3.1/../../../../arm-none-eabi/lib/thumb/v7e-m+fp/hard\libc_nano.a
LOAD c:/program files/stm32cubeide/stm32cubeide/plugins/com.st.stm32cube.ide.mcu.externaltools.gnu-tools-for-stm32.10.3-2021.10.win32_1.0.0.202111181127/tools/bin/../lib/gcc/arm-none-eabi/10.3.1/../../../../arm-none-eabi/lib/thumb/v7e-m+fp/hard\libm.a
END GROUP
START GROUP
LOAD c:/program files/stm32cubeide/stm32cubeide/plugins/com.st.stm32cube.ide.mcu.externaltools.gnu-tools-for-stm32.10.3-2021.10.win32_1.0.0.202111181127/tools/bin/../lib/gcc/arm-none-eabi/10.3.1/thumb/v7e-m+fp/hard\libgcc.a
LOAD c:/program files/stm32cubeide/stm32cubeide/plugins/com.st.stm32cube.ide.mcu.externaltools.gnu-tools-for-stm32.10.3-2021.10.win32_1.0.0.202111181127/tools/bin/../lib/gcc/arm-none-eabi/10.3.1/../../../../arm-none-eabi/lib/thumb/v7e-m+fp/hard\libc_nano.a
END GROUP
START GROUP
LOAD c:/program files/stm32cubeide/stm32cubeide/plugins/com.st.stm32cube.ide.mcu.externaltools.gnu-tools-for-stm32.10.3-2021.10.win32_1.0.0.202111181127/tools/bin/../lib/gcc/arm-none-eabi/10.3.1/thumb/v7e-m+fp/hard\libgcc.a
LOAD c:/program files/stm32cubeide/stm32cubeide/plugins/com.st.stm32cube.ide.mcu.externaltools.gnu-tools-for-stm32.10.3-2021.10.win32_1.0.0.202111181127/tools/bin/../lib/gcc/arm-none-eabi/10.3.1/../../../../arm-none-eabi/lib/thumb/v7e-m+fp/hard\libc_nano.a
LOAD c:/program files/stm32cubeide/stm32cubeide/plugins/com.st.stm32cube.ide.mcu.externaltools.gnu-tools-for-stm32.10.3-2021.10.win32_1.0.0.202111181127/tools/bin/../lib/gcc/arm-none-eabi/10.3.1/../../../../arm-none-eabi/lib/thumb/v7e-m+fp/hard\libnosys.a
END GROUP
START GROUP
LOAD c:/program files/stm32cubeide/stm32cubeide/plugins/com.st.stm32cube.ide.mcu.externaltools.gnu-tools-for-stm32.10.3-2021.10.win32_1.0.0.202111181127/tools/bin/../lib/gcc/arm-none-eabi/10.3.1/thumb/v7e-m+fp/hard\libgcc.a
LOAD c:/program files/stm32cubeide/stm32cubeide/plugins/com.st.stm32cube.ide.mcu.externaltools.gnu-tools-for-stm32.10.3-2021.10.win32_1.0.0.202111181127/tools/bin/../lib/gcc/arm-none-eabi/10.3.1/../../../../arm-none-eabi/lib/thumb/v7e-m+fp/hard\libc_nano.a
LOAD c:/program files/stm32cubeide/stm32cubeide/plugins/com.st.stm32cube.ide.mcu.externaltools.gnu-tools-for-stm32.10.3-2021.10.win32_1.0.0.202111181127/tools/bin/../lib/gcc/arm-none-eabi/10.3.1/../../../../arm-none-eabi/lib/thumb/v7e-m+fp/hard\libnosys.a
END GROUP
LOAD c:/program files/stm32cubeide/stm32cubeide/plugins/com.st.stm32cube.ide.mcu.externaltools.gnu-tools-for-stm32.10.3-2021.10.win32_1.0.0.202111181127/tools/bin/../lib/gcc/arm-none-eabi/10.3.1/thumb/v7e-m+fp/hard/crtend.o
LOAD c:/program files/stm32cubeide/stm32cubeide/plugins/com.st.stm32cube.ide.mcu.externaltools.gnu-tools-for-stm32.10.3-2021.10.win32_1.0.0.202111181127/tools/bin/../lib/gcc/arm-none-eabi/10.3.1/thumb/v7e-m+fp/hard/crtn.o
                0x0000000020020000                _estack = (ORIGIN (RAM) + LENGTH (RAM))
                0x0000000000000200                _Min_Heap_Size = 0x200
                0x0000000000000400                _Min_Stack_Size = 0x400

.isr_vector     0x0000000008000000      0x1c4
                0x0000000008000000                . = ALIGN (0x4)
 *(.isr_vector)
 .isr_vector    0x0000000008000000      0x1c4 ./Core/Startup/startup_stm32f446retx.o
                0x0000000008000000                g_pfnVectors
                0x00000000080001c4                . = ALIGN (0x4)

.text           0x00000000080001d0     0x7fd4
                0x00000000080001d0                . = ALIGN (0x4)
 *(.text)
 .text          0x00000000080001d0       0x40 c:/program files/stm32cubeide/stm32cubeide/plugins/com.st.stm32cube.ide.mcu.externaltools.gnu-tools-for-stm32.10.3-2021.10.win32_1.0.0.202111181127/tools/bin/../lib/gcc/arm-none-eabi/10.3.1/thumb/v7e-m+fp/hard/crtbegin.o
 .text          0x0000000008000210       0xa0 c:/program files/stm32cubeide/stm32cubeide/plugins/com.st.stm32cube.ide.mcu.externaltools.gnu-tools-for-stm32.10.3-2021.10.win32_1.0.0.202111181127/tools/bin/../lib/gcc/arm-none-eabi/10.3.1/../../../../arm-none-eabi/lib/thumb/v7e-m+fp/hard\libc_nano.a(lib_a-memchr.o)
                0x0000000008000210                memchr
 .text          0x00000000080002b0      0x378 c:/program files/stm32cubeide/stm32cubeide/plugins/com.st.stm32cube.ide.mcu.externaltools.gnu-tools-for-stm32.10.3-2021.10.win32_1.0.0.202111181127/tools/bin/../lib/gcc/arm-none-eabi/10.3.1/thumb/v7e-m+fp/hard\libgcc.a(_arm_addsubdf3.o)
                0x00000000080002b0                __aeabi_drsub
                0x00000000080002b8                __aeabi_dsub
                0x00000000080002b8                __subdf3
                0x00000000080002bc                __aeabi_dadd
                0x00000000080002bc                __adddf3
                0x0000000008000534                __floatunsidf
                0x0000000008000534                __aeabi_ui2d
                0x0000000008000554                __floatsidf
                0x0000000008000554                __aeabi_i2d
                0x0000000008000578                __aeabi_f2d
                0x0000000008000578                __extendsfdf2
                0x00000000080005bc                __floatundidf
                0x00000000080005bc                __aeabi_ul2d
                0x00000000080005cc                __floatdidf
                0x00000000080005cc                __aeabi_l2d
 .text          0x0000000008000628      0x424 c:/program files/stm32cubeide/stm32cubeide/plugins/com.st.stm32cube.ide.mcu.externaltools.gnu-tools-for-stm32.10.3-2021.10.win32_1.0.0.202111181127/tools/bin/../lib/gcc/arm-none-eabi/10.3.1/thumb/v7e-m+fp/hard\libgcc.a(_arm_muldivdf3.o)
                0x0000000008000628                __aeabi_dmul
                0x0000000008000628                __muldf3
                0x000000000800087c                __divdf3
                0x000000000800087c                __aeabi_ddiv
 .text          0x0000000008000a4c       0x40 c:/program files/stm32cubeide/stm32cubeide/plugins/com.st.stm32cube.ide.mcu.externaltools.gnu-tools-for-stm32.10.3-2021.10.win32_1.0.0.202111181127/tools/bin/../lib/gcc/arm-none-eabi/10.3.1/thumb/v7e-m+fp/hard\libgcc.a(_arm_fixunsdfsi.o)
                0x0000000008000a4c                __aeabi_d2uiz
                0x0000000008000a4c                __fixunsdfsi
 .text          0x0000000008000a8c       0x30 c:/program files/stm32cubeide/stm32cubeide/plugins/com.st.stm32cube.ide.mcu.externaltools.gnu-tools-for-stm32.10.3-2021.10.win32_1.0.0.202111181127/tools/bin/../lib/gcc/arm-none-eabi/10.3.1/thumb/v7e-m+fp/hard\libgcc.a(_aeabi_uldivmod.o)
                0x0000000008000a8c                __aeabi_uldivmod
 .text          0x0000000008000abc      0x2d0 c:/program files/stm32cubeide/stm32cubeide/plugins/com.st.stm32cube.ide.mcu.externaltools.gnu-tools-for-stm32.10.3-2021.10.win32_1.0.0.202111181127/tools/bin/../lib/gcc/arm-none-eabi/10.3.1/thumb/v7e-m+fp/hard\libgcc.a(_udivmoddi4.o)
                0x0000000008000abc                __udivmoddi4
 .text          0x0000000008000d8c        0x4 c:/program files/stm32cubeide/stm32cubeide/plugins/com.st.stm32cube.ide.mcu.externaltools.gnu-tools-for-stm32.10.3-2021.10.win32_1.0.0.202111181127/tools/bin/../lib/gcc/arm-none-eabi/10.3.1/thumb/v7e-m+fp/hard\libgcc.a(_dvmd_tls.o)
                0x0000000008000d8c                __aeabi_idiv0
                0x0000000008000d8c                __aeabi_ldiv0
 *(.text*)
 .text.MX_CAN1_Init
                0x0000000008000d90       0xcc ./Core/Src/can.o
                0x0000000008000d90                MX_CAN1_Init
 .text.HAL_CAN_MspInit
                0x0000000008000e5c       0xa0 ./Core/Src/can.o
                0x0000000008000e5c                HAL_CAN_MspInit
 .text.MX_DAC_Init
                0x0000000008000efc       0x54 ./Core/Src/dac.o
                0x0000000008000efc                MX_DAC_Init
 .text.HAL_DAC_MspInit
                0x0000000008000f50       0x88 ./Core/Src/dac.o
                0x0000000008000f50                HAL_DAC_MspInit
 .text.MX_GPIO_Init
                0x0000000008000fd8      0x154 ./Core/Src/gpio.o
                0x0000000008000fd8                MX_GPIO_Init
 .text.__io_putchar
                0x000000000800112c       0x24 ./Core/Src/main.o
                0x000000000800112c                __io_putchar
 .text.enableBattery
                0x0000000008001150       0x74 ./Core/Src/main.o
                0x0000000008001150                enableBattery
 .text.HAL_GPIO_EXTI_Callback
                0x00000000080011c4       0x7c ./Core/Src/main.o
                0x00000000080011c4                HAL_GPIO_EXTI_Callback
 .text.HAL_CAN_RxFifo0MsgPendingCallback
                0x0000000008001240       0x44 ./Core/Src/main.o
                0x0000000008001240                HAL_CAN_RxFifo0MsgPendingCallback
 .text.millis   0x0000000008001284        0xe ./Core/Src/main.o
                0x0000000008001284                millis
 .text.map      0x0000000008001292       0x54 ./Core/Src/main.o
                0x0000000008001292                map
 *fill*         0x00000000080012e6        0x2 
 .text.parsing_can_data
                0x00000000080012e8      0x10c ./Core/Src/main.o
                0x00000000080012e8                parsing_can_data
 *fill*         0x00000000080013f4        0x4 
 .text.dac_compare
                0x00000000080013f8      0x144 ./Core/Src/main.o
                0x00000000080013f8                dac_compare
 .text.main     0x000000000800153c      0x2f8 ./Core/Src/main.o
                0x000000000800153c                main
 .text.SystemClock_Config
                0x0000000008001834       0xe4 ./Core/Src/main.o
                0x0000000008001834                SystemClock_Config
 .text.fetchHoldingRegsData
                0x0000000008001918      0x1c8 ./Core/Src/main.o
                0x0000000008001918                fetchHoldingRegsData
 .text.writeHoldingRegs
                0x0000000008001ae0       0x80 ./Core/Src/main.o
                0x0000000008001ae0                writeHoldingRegs
 .text.eMBRegHoldingCB
                0x0000000008001b60      0x124 ./Core/Src/main.o
                0x0000000008001b60                eMBRegHoldingCB
 .text.eMBRegInputCB
                0x0000000008001c84       0x1e ./Core/Src/main.o
                0x0000000008001c84                eMBRegInputCB
 .text.eMBRegCoilsCB
                0x0000000008001ca2       0x28 ./Core/Src/main.o
                0x0000000008001ca2                eMBRegCoilsCB
 .text.eMBRegDiscreteCB
                0x0000000008001cca       0x1e ./Core/Src/main.o
                0x0000000008001cca                eMBRegDiscreteCB
 .text.Error_Handler
                0x0000000008001ce8        0xa ./Core/Src/main.o
                0x0000000008001ce8                Error_Handler
 *fill*         0x0000000008001cf2        0x2 
 .text.HAL_MspInit
                0x0000000008001cf4       0x50 ./Core/Src/stm32f4xx_hal_msp.o
                0x0000000008001cf4                HAL_MspInit
 .text.NMI_Handler
                0x0000000008001d44        0x6 ./Core/Src/stm32f4xx_it.o
                0x0000000008001d44                NMI_Handler
 .text.HardFault_Handler
                0x0000000008001d4a        0x6 ./Core/Src/stm32f4xx_it.o
                0x0000000008001d4a                HardFault_Handler
 .text.MemManage_Handler
                0x0000000008001d50        0x6 ./Core/Src/stm32f4xx_it.o
                0x0000000008001d50                MemManage_Handler
 .text.BusFault_Handler
                0x0000000008001d56        0x6 ./Core/Src/stm32f4xx_it.o
                0x0000000008001d56                BusFault_Handler
 .text.UsageFault_Handler
                0x0000000008001d5c        0x6 ./Core/Src/stm32f4xx_it.o
                0x0000000008001d5c                UsageFault_Handler
 .text.SVC_Handler
                0x0000000008001d62        0xe ./Core/Src/stm32f4xx_it.o
                0x0000000008001d62                SVC_Handler
 .text.DebugMon_Handler
                0x0000000008001d70        0xe ./Core/Src/stm32f4xx_it.o
                0x0000000008001d70                DebugMon_Handler
 .text.PendSV_Handler
                0x0000000008001d7e        0xe ./Core/Src/stm32f4xx_it.o
                0x0000000008001d7e                PendSV_Handler
 .text.SysTick_Handler
                0x0000000008001d8c        0xc ./Core/Src/stm32f4xx_it.o
                0x0000000008001d8c                SysTick_Handler
 .text.CAN1_RX0_IRQHandler
                0x0000000008001d98       0x14 ./Core/Src/stm32f4xx_it.o
                0x0000000008001d98                CAN1_RX0_IRQHandler
 .text.USART2_IRQHandler
                0x0000000008001dac       0x90 ./Core/Src/stm32f4xx_it.o
                0x0000000008001dac                USART2_IRQHandler
 .text.USART3_IRQHandler
                0x0000000008001e3c       0x14 ./Core/Src/stm32f4xx_it.o
                0x0000000008001e3c                USART3_IRQHandler
 .text.EXTI15_10_IRQHandler
                0x0000000008001e50       0x10 ./Core/Src/stm32f4xx_it.o
                0x0000000008001e50                EXTI15_10_IRQHandler
 .text.TIM7_IRQHandler
                0x0000000008001e60       0x5c ./Core/Src/stm32f4xx_it.o
                0x0000000008001e60                TIM7_IRQHandler
 .text._getpid  0x0000000008001ebc       0x10 ./Core/Src/syscalls.o
                0x0000000008001ebc                _getpid
 .text._kill    0x0000000008001ecc       0x20 ./Core/Src/syscalls.o
                0x0000000008001ecc                _kill
 .text._exit    0x0000000008001eec       0x14 ./Core/Src/syscalls.o
                0x0000000008001eec                _exit
 .text._read    0x0000000008001f00       0x3a ./Core/Src/syscalls.o
                0x0000000008001f00                _read
 .text._write   0x0000000008001f3a       0x38 ./Core/Src/syscalls.o
                0x0000000008001f3a                _write
 .text._close   0x0000000008001f72       0x18 ./Core/Src/syscalls.o
                0x0000000008001f72                _close
 .text._fstat   0x0000000008001f8a       0x20 ./Core/Src/syscalls.o
                0x0000000008001f8a                _fstat
 .text._isatty  0x0000000008001faa       0x16 ./Core/Src/syscalls.o
                0x0000000008001faa                _isatty
 .text._lseek   0x0000000008001fc0       0x1a ./Core/Src/syscalls.o
                0x0000000008001fc0                _lseek
 *fill*         0x0000000008001fda        0x2 
 .text._sbrk    0x0000000008001fdc       0x6c ./Core/Src/sysmem.o
                0x0000000008001fdc                _sbrk
 .text.SystemInit
                0x0000000008002048       0x24 ./Core/Src/system_stm32f4xx.o
                0x0000000008002048                SystemInit
 .text.MX_TIM7_Init
                0x000000000800206c       0x68 ./Core/Src/tim.o
                0x000000000800206c                MX_TIM7_Init
 .text.HAL_TIM_Base_MspInit
                0x00000000080020d4       0x50 ./Core/Src/tim.o
                0x00000000080020d4                HAL_TIM_Base_MspInit
 .text.MX_USART2_UART_Init
                0x0000000008002124       0x54 ./Core/Src/usart.o
                0x0000000008002124                MX_USART2_UART_Init
 .text.MX_USART3_UART_Init
                0x0000000008002178       0x54 ./Core/Src/usart.o
                0x0000000008002178                MX_USART3_UART_Init
 .text.HAL_UART_MspInit
                0x00000000080021cc      0x11c ./Core/Src/usart.o
                0x00000000080021cc                HAL_UART_MspInit
 .text.Reset_Handler
                0x00000000080022e8       0x50 ./Core/Startup/startup_stm32f446retx.o
                0x00000000080022e8                Reset_Handler
 .text.Default_Handler
                0x0000000008002338        0x2 ./Core/Startup/startup_stm32f446retx.o
                0x0000000008002338                RTC_Alarm_IRQHandler
                0x0000000008002338                EXTI2_IRQHandler
                0x0000000008002338                TIM8_CC_IRQHandler
                0x0000000008002338                FMPI2C1_EV_IRQHandler
                0x0000000008002338                SPI4_IRQHandler
                0x0000000008002338                TIM1_CC_IRQHandler
                0x0000000008002338                DMA2_Stream5_IRQHandler
                0x0000000008002338                DMA1_Stream5_IRQHandler
                0x0000000008002338                PVD_IRQHandler
                0x0000000008002338                SDIO_IRQHandler
                0x0000000008002338                TAMP_STAMP_IRQHandler
                0x0000000008002338                CAN2_RX1_IRQHandler
                0x0000000008002338                EXTI3_IRQHandler
                0x0000000008002338                TIM8_TRG_COM_TIM14_IRQHandler
                0x0000000008002338                TIM1_UP_TIM10_IRQHandler
                0x0000000008002338                TIM8_UP_TIM13_IRQHandler
                0x0000000008002338                I2C3_ER_IRQHandler
                0x0000000008002338                EXTI0_IRQHandler
                0x0000000008002338                I2C2_EV_IRQHandler
                0x0000000008002338                DMA1_Stream2_IRQHandler
                0x0000000008002338                FPU_IRQHandler
                0x0000000008002338                OTG_HS_WKUP_IRQHandler
                0x0000000008002338                CAN2_SCE_IRQHandler
                0x0000000008002338                DMA2_Stream2_IRQHandler
                0x0000000008002338                SPI1_IRQHandler
                0x0000000008002338                TIM6_DAC_IRQHandler
                0x0000000008002338                TIM1_BRK_TIM9_IRQHandler
                0x0000000008002338                DCMI_IRQHandler
                0x0000000008002338                CAN2_RX0_IRQHandler
                0x0000000008002338                DMA2_Stream3_IRQHandler
                0x0000000008002338                SAI2_IRQHandler
                0x0000000008002338                USART6_IRQHandler
                0x0000000008002338                CAN1_RX1_IRQHandler
                0x0000000008002338                UART5_IRQHandler
                0x0000000008002338                DMA2_Stream0_IRQHandler
                0x0000000008002338                TIM4_IRQHandler
                0x0000000008002338                QUADSPI_IRQHandler
                0x0000000008002338                I2C1_EV_IRQHandler
                0x0000000008002338                DMA1_Stream6_IRQHandler
                0x0000000008002338                DMA1_Stream1_IRQHandler
                0x0000000008002338                UART4_IRQHandler
                0x0000000008002338                TIM3_IRQHandler
                0x0000000008002338                RCC_IRQHandler
                0x0000000008002338                TIM8_BRK_TIM12_IRQHandler
                0x0000000008002338                Default_Handler
                0x0000000008002338                CEC_IRQHandler
                0x0000000008002338                ADC_IRQHandler
                0x0000000008002338                DMA1_Stream7_IRQHandler
                0x0000000008002338                CAN2_TX_IRQHandler
                0x0000000008002338                TIM5_IRQHandler
                0x0000000008002338                DMA2_Stream7_IRQHandler
                0x0000000008002338                I2C3_EV_IRQHandler
                0x0000000008002338                EXTI9_5_IRQHandler
                0x0000000008002338                RTC_WKUP_IRQHandler
                0x0000000008002338                SPDIF_RX_IRQHandler
                0x0000000008002338                SPI2_IRQHandler
                0x0000000008002338                OTG_HS_EP1_IN_IRQHandler
                0x0000000008002338                DMA1_Stream0_IRQHandler
                0x0000000008002338                CAN1_TX_IRQHandler
                0x0000000008002338                FMPI2C1_ER_IRQHandler
                0x0000000008002338                EXTI4_IRQHandler
                0x0000000008002338                OTG_HS_EP1_OUT_IRQHandler
                0x0000000008002338                WWDG_IRQHandler
                0x0000000008002338                TIM2_IRQHandler
                0x0000000008002338                OTG_FS_WKUP_IRQHandler
                0x0000000008002338                TIM1_TRG_COM_TIM11_IRQHandler
                0x0000000008002338                OTG_HS_IRQHandler
                0x0000000008002338                EXTI1_IRQHandler
                0x0000000008002338                I2C2_ER_IRQHandler
                0x0000000008002338                DMA2_Stream1_IRQHandler
                0x0000000008002338                CAN1_SCE_IRQHandler
                0x0000000008002338                FLASH_IRQHandler
                0x0000000008002338                DMA2_Stream4_IRQHandler
                0x0000000008002338                USART1_IRQHandler
                0x0000000008002338                OTG_FS_IRQHandler
                0x0000000008002338                SPI3_IRQHandler
                0x0000000008002338                DMA1_Stream4_IRQHandler
                0x0000000008002338                I2C1_ER_IRQHandler
                0x0000000008002338                FMC_IRQHandler
                0x0000000008002338                DMA2_Stream6_IRQHandler
                0x0000000008002338                SAI1_IRQHandler
                0x0000000008002338                DMA1_Stream3_IRQHandler
 *fill*         0x000000000800233a        0x2 
 .text.HAL_Init
                0x000000000800233c       0x44 ./Drivers/STM32F4xx_HAL_Driver/Src/stm32f4xx_hal.o
                0x000000000800233c                HAL_Init
 .text.HAL_InitTick
                0x0000000008002380       0x60 ./Drivers/STM32F4xx_HAL_Driver/Src/stm32f4xx_hal.o
                0x0000000008002380                HAL_InitTick
 .text.HAL_IncTick
                0x00000000080023e0       0x28 ./Drivers/STM32F4xx_HAL_Driver/Src/stm32f4xx_hal.o
                0x00000000080023e0                HAL_IncTick
 .text.HAL_GetTick
                0x0000000008002408       0x18 ./Drivers/STM32F4xx_HAL_Driver/Src/stm32f4xx_hal.o
                0x0000000008002408                HAL_GetTick
 .text.HAL_Delay
                0x0000000008002420       0x48 ./Drivers/STM32F4xx_HAL_Driver/Src/stm32f4xx_hal.o
                0x0000000008002420                HAL_Delay
 .text.HAL_CAN_Init
                0x0000000008002468      0x1f6 ./Drivers/STM32F4xx_HAL_Driver/Src/stm32f4xx_hal_can.o
                0x0000000008002468                HAL_CAN_Init
 *fill*         0x000000000800265e        0x2 
 .text.HAL_CAN_ConfigFilter
                0x0000000008002660      0x1c0 ./Drivers/STM32F4xx_HAL_Driver/Src/stm32f4xx_hal_can.o
                0x0000000008002660                HAL_CAN_ConfigFilter
 .text.HAL_CAN_Start
                0x0000000008002820       0x88 ./Drivers/STM32F4xx_HAL_Driver/Src/stm32f4xx_hal_can.o
                0x0000000008002820                HAL_CAN_Start
 .text.HAL_CAN_Stop
                0x00000000080028a8       0x92 ./Drivers/STM32F4xx_HAL_Driver/Src/stm32f4xx_hal_can.o
                0x00000000080028a8                HAL_CAN_Stop
 .text.HAL_CAN_AddTxMessage
                0x000000000800293a      0x1b6 ./Drivers/STM32F4xx_HAL_Driver/Src/stm32f4xx_hal_can.o
                0x000000000800293a                HAL_CAN_AddTxMessage
 .text.HAL_CAN_GetRxMessage
                0x0000000008002af0      0x224 ./Drivers/STM32F4xx_HAL_Driver/Src/stm32f4xx_hal_can.o
                0x0000000008002af0                HAL_CAN_GetRxMessage
 .text.HAL_CAN_ActivateNotification
                0x0000000008002d14       0x4c ./Drivers/STM32F4xx_HAL_Driver/Src/stm32f4xx_hal_can.o
                0x0000000008002d14                HAL_CAN_ActivateNotification
 .text.HAL_CAN_IRQHandler
                0x0000000008002d60      0x36e ./Drivers/STM32F4xx_HAL_Driver/Src/stm32f4xx_hal_can.o
                0x0000000008002d60                HAL_CAN_IRQHandler
 .text.HAL_CAN_TxMailbox0CompleteCallback
                0x00000000080030ce       0x14 ./Drivers/STM32F4xx_HAL_Driver/Src/stm32f4xx_hal_can.o
                0x00000000080030ce                HAL_CAN_TxMailbox0CompleteCallback
 .text.HAL_CAN_TxMailbox1CompleteCallback
                0x00000000080030e2       0x14 ./Drivers/STM32F4xx_HAL_Driver/Src/stm32f4xx_hal_can.o
                0x00000000080030e2                HAL_CAN_TxMailbox1CompleteCallback
 .text.HAL_CAN_TxMailbox2CompleteCallback
                0x00000000080030f6       0x14 ./Drivers/STM32F4xx_HAL_Driver/Src/stm32f4xx_hal_can.o
                0x00000000080030f6                HAL_CAN_TxMailbox2CompleteCallback
 .text.HAL_CAN_TxMailbox0AbortCallback
                0x000000000800310a       0x14 ./Drivers/STM32F4xx_HAL_Driver/Src/stm32f4xx_hal_can.o
                0x000000000800310a                HAL_CAN_TxMailbox0AbortCallback
 .text.HAL_CAN_TxMailbox1AbortCallback
                0x000000000800311e       0x14 ./Drivers/STM32F4xx_HAL_Driver/Src/stm32f4xx_hal_can.o
                0x000000000800311e                HAL_CAN_TxMailbox1AbortCallback
 .text.HAL_CAN_TxMailbox2AbortCallback
                0x0000000008003132       0x14 ./Drivers/STM32F4xx_HAL_Driver/Src/stm32f4xx_hal_can.o
                0x0000000008003132                HAL_CAN_TxMailbox2AbortCallback
 .text.HAL_CAN_RxFifo0FullCallback
                0x0000000008003146       0x14 ./Drivers/STM32F4xx_HAL_Driver/Src/stm32f4xx_hal_can.o
                0x0000000008003146                HAL_CAN_RxFifo0FullCallback
 .text.HAL_CAN_RxFifo1MsgPendingCallback
                0x000000000800315a       0x14 ./Drivers/STM32F4xx_HAL_Driver/Src/stm32f4xx_hal_can.o
                0x000000000800315a                HAL_CAN_RxFifo1MsgPendingCallback
 .text.HAL_CAN_RxFifo1FullCallback
                0x000000000800316e       0x14 ./Drivers/STM32F4xx_HAL_Driver/Src/stm32f4xx_hal_can.o
                0x000000000800316e                HAL_CAN_RxFifo1FullCallback
 .text.HAL_CAN_SleepCallback
                0x0000000008003182       0x14 ./Drivers/STM32F4xx_HAL_Driver/Src/stm32f4xx_hal_can.o
                0x0000000008003182                HAL_CAN_SleepCallback
 .text.HAL_CAN_WakeUpFromRxMsgCallback
                0x0000000008003196       0x14 ./Drivers/STM32F4xx_HAL_Driver/Src/stm32f4xx_hal_can.o
                0x0000000008003196                HAL_CAN_WakeUpFromRxMsgCallback
 .text.HAL_CAN_ErrorCallback
                0x00000000080031aa       0x14 ./Drivers/STM32F4xx_HAL_Driver/Src/stm32f4xx_hal_can.o
                0x00000000080031aa                HAL_CAN_ErrorCallback
 .text.HAL_CAN_ResetError
                0x00000000080031be       0x46 ./Drivers/STM32F4xx_HAL_Driver/Src/stm32f4xx_hal_can.o
                0x00000000080031be                HAL_CAN_ResetError
 .text.__NVIC_SetPriorityGrouping
                0x0000000008003204       0x48 ./Drivers/STM32F4xx_HAL_Driver/Src/stm32f4xx_hal_cortex.o
 .text.__NVIC_GetPriorityGrouping
                0x000000000800324c       0x1c ./Drivers/STM32F4xx_HAL_Driver/Src/stm32f4xx_hal_cortex.o
 .text.__NVIC_EnableIRQ
                0x0000000008003268       0x3c ./Drivers/STM32F4xx_HAL_Driver/Src/stm32f4xx_hal_cortex.o
 .text.__NVIC_SetPriority
                0x00000000080032a4       0x54 ./Drivers/STM32F4xx_HAL_Driver/Src/stm32f4xx_hal_cortex.o
 .text.NVIC_EncodePriority
                0x00000000080032f8       0x66 ./Drivers/STM32F4xx_HAL_Driver/Src/stm32f4xx_hal_cortex.o
 *fill*         0x000000000800335e        0x2 
 .text.SysTick_Config
                0x0000000008003360       0x44 ./Drivers/STM32F4xx_HAL_Driver/Src/stm32f4xx_hal_cortex.o
 .text.HAL_NVIC_SetPriorityGrouping
                0x00000000080033a4       0x16 ./Drivers/STM32F4xx_HAL_Driver/Src/stm32f4xx_hal_cortex.o
                0x00000000080033a4                HAL_NVIC_SetPriorityGrouping
 .text.HAL_NVIC_SetPriority
                0x00000000080033ba       0x38 ./Drivers/STM32F4xx_HAL_Driver/Src/stm32f4xx_hal_cortex.o
                0x00000000080033ba                HAL_NVIC_SetPriority
 .text.HAL_NVIC_EnableIRQ
                0x00000000080033f2       0x1c ./Drivers/STM32F4xx_HAL_Driver/Src/stm32f4xx_hal_cortex.o
                0x00000000080033f2                HAL_NVIC_EnableIRQ
 .text.HAL_SYSTICK_Config
                0x000000000800340e       0x18 ./Drivers/STM32F4xx_HAL_Driver/Src/stm32f4xx_hal_cortex.o
                0x000000000800340e                HAL_SYSTICK_Config
 .text.HAL_DAC_Init
                0x0000000008003426       0x44 ./Drivers/STM32F4xx_HAL_Driver/Src/stm32f4xx_hal_dac.o
                0x0000000008003426                HAL_DAC_Init
 .text.HAL_DAC_Start
                0x000000000800346a       0xa4 ./Drivers/STM32F4xx_HAL_Driver/Src/stm32f4xx_hal_dac.o
                0x000000000800346a                HAL_DAC_Start
 .text.HAL_DAC_SetValue
                0x000000000800350e       0x4a ./Drivers/STM32F4xx_HAL_Driver/Src/stm32f4xx_hal_dac.o
                0x000000000800350e                HAL_DAC_SetValue
 .text.HAL_DAC_ConfigChannel
                0x0000000008003558       0x9e ./Drivers/STM32F4xx_HAL_Driver/Src/stm32f4xx_hal_dac.o
                0x0000000008003558                HAL_DAC_ConfigChannel
 .text.HAL_DMA_Abort
                0x00000000080035f6       0xe0 ./Drivers/STM32F4xx_HAL_Driver/Src/stm32f4xx_hal_dma.o
                0x00000000080035f6                HAL_DMA_Abort
 .text.HAL_DMA_Abort_IT
                0x00000000080036d6       0x44 ./Drivers/STM32F4xx_HAL_Driver/Src/stm32f4xx_hal_dma.o
                0x00000000080036d6                HAL_DMA_Abort_IT
 *fill*         0x000000000800371a        0x2 
 .text.HAL_GPIO_Init
                0x000000000800371c      0x328 ./Drivers/STM32F4xx_HAL_Driver/Src/stm32f4xx_hal_gpio.o
                0x000000000800371c                HAL_GPIO_Init
 .text.HAL_GPIO_ReadPin
                0x0000000008003a44       0x30 ./Drivers/STM32F4xx_HAL_Driver/Src/stm32f4xx_hal_gpio.o
                0x0000000008003a44                HAL_GPIO_ReadPin
 .text.HAL_GPIO_WritePin
                0x0000000008003a74       0x32 ./Drivers/STM32F4xx_HAL_Driver/Src/stm32f4xx_hal_gpio.o
                0x0000000008003a74                HAL_GPIO_WritePin
 .text.HAL_GPIO_TogglePin
                0x0000000008003aa6       0x34 ./Drivers/STM32F4xx_HAL_Driver/Src/stm32f4xx_hal_gpio.o
                0x0000000008003aa6                HAL_GPIO_TogglePin
 *fill*         0x0000000008003ada        0x2 
 .text.HAL_GPIO_EXTI_IRQHandler
                0x0000000008003adc       0x30 ./Drivers/STM32F4xx_HAL_Driver/Src/stm32f4xx_hal_gpio.o
                0x0000000008003adc                HAL_GPIO_EXTI_IRQHandler
 .text.HAL_PWREx_EnableOverDrive
                0x0000000008003b0c       0xa0 ./Drivers/STM32F4xx_HAL_Driver/Src/stm32f4xx_hal_pwr_ex.o
                0x0000000008003b0c                HAL_PWREx_EnableOverDrive
 .text.HAL_RCC_ClockConfig
                0x0000000008003bac      0x1cc ./Drivers/STM32F4xx_HAL_Driver/Src/stm32f4xx_hal_rcc.o
                0x0000000008003bac                HAL_RCC_ClockConfig
 .text.HAL_RCC_GetHCLKFreq
                0x0000000008003d78       0x18 ./Drivers/STM32F4xx_HAL_Driver/Src/stm32f4xx_hal_rcc.o
                0x0000000008003d78                HAL_RCC_GetHCLKFreq
 .text.HAL_RCC_GetPCLK1Freq
                0x0000000008003d90       0x28 ./Drivers/STM32F4xx_HAL_Driver/Src/stm32f4xx_hal_rcc.o
                0x0000000008003d90                HAL_RCC_GetPCLK1Freq
 .text.HAL_RCC_GetPCLK2Freq
                0x0000000008003db8       0x28 ./Drivers/STM32F4xx_HAL_Driver/Src/stm32f4xx_hal_rcc.o
                0x0000000008003db8                HAL_RCC_GetPCLK2Freq
 .text.HAL_RCC_GetSysClockFreq
                0x0000000008003de0      0x460 ./Drivers/STM32F4xx_HAL_Driver/Src/stm32f4xx_hal_rcc_ex.o
                0x0000000008003de0                HAL_RCC_GetSysClockFreq
 .text.HAL_RCC_OscConfig
                0x0000000008004240      0x53c ./Drivers/STM32F4xx_HAL_Driver/Src/stm32f4xx_hal_rcc_ex.o
                0x0000000008004240                HAL_RCC_OscConfig
 .text.HAL_TIM_Base_Init
                0x000000000800477c       0x9e ./Drivers/STM32F4xx_HAL_Driver/Src/stm32f4xx_hal_tim.o
                0x000000000800477c                HAL_TIM_Base_Init
 *fill*         0x000000000800481a        0x2 
 .text.HAL_TIM_Base_Start_IT
                0x000000000800481c       0xe0 ./Drivers/STM32F4xx_HAL_Driver/Src/stm32f4xx_hal_tim.o
                0x000000000800481c                HAL_TIM_Base_Start_IT
 .text.HAL_TIM_Base_Stop_IT
                0x00000000080048fc       0x5e ./Drivers/STM32F4xx_HAL_Driver/Src/stm32f4xx_hal_tim.o
                0x00000000080048fc                HAL_TIM_Base_Stop_IT
 .text.HAL_TIM_IRQHandler
                0x000000000800495a      0x210 ./Drivers/STM32F4xx_HAL_Driver/Src/stm32f4xx_hal_tim.o
                0x000000000800495a                HAL_TIM_IRQHandler
 .text.HAL_TIM_PeriodElapsedCallback
                0x0000000008004b6a       0x14 ./Drivers/STM32F4xx_HAL_Driver/Src/stm32f4xx_hal_tim.o
                0x0000000008004b6a                HAL_TIM_PeriodElapsedCallback
 .text.HAL_TIM_OC_DelayElapsedCallback
                0x0000000008004b7e       0x14 ./Drivers/STM32F4xx_HAL_Driver/Src/stm32f4xx_hal_tim.o
                0x0000000008004b7e                HAL_TIM_OC_DelayElapsedCallback
 .text.HAL_TIM_IC_CaptureCallback
                0x0000000008004b92       0x14 ./Drivers/STM32F4xx_HAL_Driver/Src/stm32f4xx_hal_tim.o
                0x0000000008004b92                HAL_TIM_IC_CaptureCallback
 .text.HAL_TIM_PWM_PulseFinishedCallback
                0x0000000008004ba6       0x14 ./Drivers/STM32F4xx_HAL_Driver/Src/stm32f4xx_hal_tim.o
                0x0000000008004ba6                HAL_TIM_PWM_PulseFinishedCallback
 .text.HAL_TIM_TriggerCallback
                0x0000000008004bba       0x14 ./Drivers/STM32F4xx_HAL_Driver/Src/stm32f4xx_hal_tim.o
                0x0000000008004bba                HAL_TIM_TriggerCallback
 *fill*         0x0000000008004bce        0x2 
 .text.TIM_Base_SetConfig
                0x0000000008004bd0      0x140 ./Drivers/STM32F4xx_HAL_Driver/Src/stm32f4xx_hal_tim.o
                0x0000000008004bd0                TIM_Base_SetConfig
 .text.HAL_TIMEx_MasterConfigSynchronization
                0x0000000008004d10       0xf8 ./Drivers/STM32F4xx_HAL_Driver/Src/stm32f4xx_hal_tim_ex.o
                0x0000000008004d10                HAL_TIMEx_MasterConfigSynchronization
 .text.HAL_TIMEx_CommutCallback
                0x0000000008004e08       0x14 ./Drivers/STM32F4xx_HAL_Driver/Src/stm32f4xx_hal_tim_ex.o
                0x0000000008004e08                HAL_TIMEx_CommutCallback
 .text.HAL_TIMEx_BreakCallback
                0x0000000008004e1c       0x14 ./Drivers/STM32F4xx_HAL_Driver/Src/stm32f4xx_hal_tim_ex.o
                0x0000000008004e1c                HAL_TIMEx_BreakCallback
 .text.HAL_UART_Init
                0x0000000008004e30       0x9a ./Drivers/STM32F4xx_HAL_Driver/Src/stm32f4xx_hal_uart.o
                0x0000000008004e30                HAL_UART_Init
 .text.HAL_UART_Transmit
                0x0000000008004eca      0x124 ./Drivers/STM32F4xx_HAL_Driver/Src/stm32f4xx_hal_uart.o
                0x0000000008004eca                HAL_UART_Transmit
 .text.HAL_UART_Receive
                0x0000000008004fee      0x144 ./Drivers/STM32F4xx_HAL_Driver/Src/stm32f4xx_hal_uart.o
                0x0000000008004fee                HAL_UART_Receive
 *fill*         0x0000000008005132        0x2 
 .text.HAL_UART_IRQHandler
                0x0000000008005134      0x51c ./Drivers/STM32F4xx_HAL_Driver/Src/stm32f4xx_hal_uart.o
                0x0000000008005134                HAL_UART_IRQHandler
 .text.HAL_UART_TxCpltCallback
                0x0000000008005650       0x14 ./Drivers/STM32F4xx_HAL_Driver/Src/stm32f4xx_hal_uart.o
                0x0000000008005650                HAL_UART_TxCpltCallback
 .text.HAL_UART_RxCpltCallback
                0x0000000008005664       0x14 ./Drivers/STM32F4xx_HAL_Driver/Src/stm32f4xx_hal_uart.o
                0x0000000008005664                HAL_UART_RxCpltCallback
 .text.HAL_UART_ErrorCallback
                0x0000000008005678       0x14 ./Drivers/STM32F4xx_HAL_Driver/Src/stm32f4xx_hal_uart.o
                0x0000000008005678                HAL_UART_ErrorCallback
 .text.HAL_UARTEx_RxEventCallback
                0x000000000800568c       0x18 ./Drivers/STM32F4xx_HAL_Driver/Src/stm32f4xx_hal_uart.o
                0x000000000800568c                HAL_UARTEx_RxEventCallback
 .text.UART_WaitOnFlagUntilTimeout
                0x00000000080056a4       0xdc ./Drivers/STM32F4xx_HAL_Driver/Src/stm32f4xx_hal_uart.o
 .text.UART_EndRxTransfer
                0x0000000008005780       0xc6 ./Drivers/STM32F4xx_HAL_Driver/Src/stm32f4xx_hal_uart.o
 .text.UART_DMAAbortOnError
                0x0000000008005846       0x28 ./Drivers/STM32F4xx_HAL_Driver/Src/stm32f4xx_hal_uart.o
 .text.UART_Transmit_IT
                0x000000000800586e       0xa0 ./Drivers/STM32F4xx_HAL_Driver/Src/stm32f4xx_hal_uart.o
 .text.UART_EndTransmit_IT
                0x000000000800590e       0x30 ./Drivers/STM32F4xx_HAL_Driver/Src/stm32f4xx_hal_uart.o
 .text.UART_Receive_IT
                0x000000000800593e      0x176 ./Drivers/STM32F4xx_HAL_Driver/Src/stm32f4xx_hal_uart.o
 .text.UART_SetConfig
                0x0000000008005ab4      0x4e8 ./Drivers/STM32F4xx_HAL_Driver/Src/stm32f4xx_hal_uart.o
 .text.eMBInit  0x0000000008005f9c       0xf8 ./modbus/mb.o
                0x0000000008005f9c                eMBInit
 .text.eMBEnable
                0x0000000008006094       0x38 ./modbus/mb.o
                0x0000000008006094                eMBEnable
 .text.eMBPoll  0x00000000080060cc      0x178 ./modbus/mb.o
                0x00000000080060cc                eMBPoll
 .text.usMBCRC16
                0x0000000008006244       0x6c ./modbus/mbcrc.o
                0x0000000008006244                usMBCRC16
 .text.eMBFuncReadCoils
                0x00000000080062b0       0xfe ./modbus/mbfunccoils.o
                0x00000000080062b0                eMBFuncReadCoils
 .text.eMBFuncWriteCoil
                0x00000000080063ae       0xa6 ./modbus/mbfunccoils.o
                0x00000000080063ae                eMBFuncWriteCoil
 .text.eMBFuncWriteMultipleCoils
                0x0000000008006454       0xce ./modbus/mbfunccoils.o
                0x0000000008006454                eMBFuncWriteMultipleCoils
 .text.eMBFuncReadDiscreteInputs
                0x0000000008006522       0xfe ./modbus/mbfuncdisc.o
                0x0000000008006522                eMBFuncReadDiscreteInputs
 .text.eMBFuncWriteHoldingRegister
                0x0000000008006620       0x6a ./modbus/mbfuncholding.o
                0x0000000008006620                eMBFuncWriteHoldingRegister
 .text.eMBFuncWriteMultipleHoldingRegister
                0x000000000800668a       0xb2 ./modbus/mbfuncholding.o
                0x000000000800668a                eMBFuncWriteMultipleHoldingRegister
 .text.eMBFuncReadHoldingRegister
                0x000000000800673c       0xde ./modbus/mbfuncholding.o
                0x000000000800673c                eMBFuncReadHoldingRegister
 .text.eMBFuncReadWriteMultipleHoldingRegister
                0x000000000800681a      0x154 ./modbus/mbfuncholding.o
                0x000000000800681a                eMBFuncReadWriteMultipleHoldingRegister
 .text.eMBFuncReadInputRegister
                0x000000000800696e       0xe4 ./modbus/mbfuncinput.o
                0x000000000800696e                eMBFuncReadInputRegister
 *fill*         0x0000000008006a52        0x2 
 .text.eMBFuncReportSlaveID
                0x0000000008006a54       0x38 ./modbus/mbfuncother.o
                0x0000000008006a54                eMBFuncReportSlaveID
 .text.eMBRTUInit
                0x0000000008006a8c       0x78 ./modbus/mbrtu.o
                0x0000000008006a8c                eMBRTUInit
 .text.eMBRTUStart
                0x0000000008006b04       0x28 ./modbus/mbrtu.o
                0x0000000008006b04                eMBRTUStart
 .text.eMBRTUStop
                0x0000000008006b2c       0x1c ./modbus/mbrtu.o
                0x0000000008006b2c                eMBRTUStop
 .text.eMBRTUReceive
                0x0000000008006b48       0x9c ./modbus/mbrtu.o
                0x0000000008006b48                eMBRTUReceive
 .text.eMBRTUSend
                0x0000000008006be4       0xc8 ./modbus/mbrtu.o
                0x0000000008006be4                eMBRTUSend
 .text.xMBRTUReceiveFSM
                0x0000000008006cac       0xd0 ./modbus/mbrtu.o
                0x0000000008006cac                xMBRTUReceiveFSM
 .text.xMBRTUTransmitFSM
                0x0000000008006d7c       0xb0 ./modbus/mbrtu.o
                0x0000000008006d7c                xMBRTUTransmitFSM
 .text.xMBRTUTimerT35Expired
                0x0000000008006e2c       0x8c ./modbus/mbrtu.o
                0x0000000008006e2c                xMBRTUTimerT35Expired
 .text.prveMBError2Exception
                0x0000000008006eb8       0x44 ./modbus/mbutils.o
                0x0000000008006eb8                prveMBError2Exception
 .text.xMBPortEventInit
                0x0000000008006efc       0x1c ./modbus/portevent.o
                0x0000000008006efc                xMBPortEventInit
 .text.xMBPortEventPost
                0x0000000008006f18       0x2c ./modbus/portevent.o
                0x0000000008006f18                xMBPortEventPost
 .text.xMBPortEventGet
                0x0000000008006f44       0x3c ./modbus/portevent.o
                0x0000000008006f44                xMBPortEventGet
 .text.vMBPortSerialEnable
                0x0000000008006f80       0x70 ./modbus/portserial.o
                0x0000000008006f80                vMBPortSerialEnable
 .text.xMBPortSerialInit
                0x0000000008006ff0       0x26 ./modbus/portserial.o
                0x0000000008006ff0                xMBPortSerialInit
 *fill*         0x0000000008007016        0x2 
 .text.xMBPortSerialPutByte
                0x0000000008007018       0x30 ./modbus/portserial.o
                0x0000000008007018                xMBPortSerialPutByte
 .text.xMBPortSerialGetByte
                0x0000000008007048       0x28 ./modbus/portserial.o
                0x0000000008007048                xMBPortSerialGetByte
 .text.xMBPortTimersInit
                0x0000000008007070       0x80 ./modbus/porttimer.o
                0x0000000008007070                xMBPortTimersInit
 .text.vMBPortTimersEnable
                0x00000000080070f0       0x24 ./modbus/porttimer.o
                0x00000000080070f0                vMBPortTimersEnable
 .text.vMBPortTimersDisable
                0x0000000008007114       0x14 ./modbus/porttimer.o
                0x0000000008007114                vMBPortTimersDisable
 .text.__assert_func
                0x0000000008007128       0x3c c:/program files/stm32cubeide/stm32cubeide/plugins/com.st.stm32cube.ide.mcu.externaltools.gnu-tools-for-stm32.10.3-2021.10.win32_1.0.0.202111181127/tools/bin/../lib/gcc/arm-none-eabi/10.3.1/../../../../arm-none-eabi/lib/thumb/v7e-m+fp/hard\libc_nano.a(lib_a-assert.o)
                0x0000000008007128                __assert_func
 .text.__errno  0x0000000008007164        0xc c:/program files/stm32cubeide/stm32cubeide/plugins/com.st.stm32cube.ide.mcu.externaltools.gnu-tools-for-stm32.10.3-2021.10.win32_1.0.0.202111181127/tools/bin/../lib/gcc/arm-none-eabi/10.3.1/../../../../arm-none-eabi/lib/thumb/v7e-m+fp/hard\libc_nano.a(lib_a-errno.o)
                0x0000000008007164                __errno
 .text.fprintf  0x0000000008007170       0x24 c:/program files/stm32cubeide/stm32cubeide/plugins/com.st.stm32cube.ide.mcu.externaltools.gnu-tools-for-stm32.10.3-2021.10.win32_1.0.0.202111181127/tools/bin/../lib/gcc/arm-none-eabi/10.3.1/../../../../arm-none-eabi/lib/thumb/v7e-m+fp/hard\libc_nano.a(lib_a-fprintf.o)
                0x0000000008007170                fiprintf
                0x0000000008007170                fprintf
 .text.__libc_init_array
                0x0000000008007194       0x48 c:/program files/stm32cubeide/stm32cubeide/plugins/com.st.stm32cube.ide.mcu.externaltools.gnu-tools-for-stm32.10.3-2021.10.win32_1.0.0.202111181127/tools/bin/../lib/gcc/arm-none-eabi/10.3.1/../../../../arm-none-eabi/lib/thumb/v7e-m+fp/hard\libc_nano.a(lib_a-init.o)
                0x0000000008007194                __libc_init_array
 .text.memcpy   0x00000000080071dc       0x1c c:/program files/stm32cubeide/stm32cubeide/plugins/com.st.stm32cube.ide.mcu.externaltools.gnu-tools-for-stm32.10.3-2021.10.win32_1.0.0.202111181127/tools/bin/../lib/gcc/arm-none-eabi/10.3.1/../../../../arm-none-eabi/lib/thumb/v7e-m+fp/hard\libc_nano.a(lib_a-memcpy-stub.o)
                0x00000000080071dc                memcpy
 .text.memset   0x00000000080071f8       0x10 c:/program files/stm32cubeide/stm32cubeide/plugins/com.st.stm32cube.ide.mcu.externaltools.gnu-tools-for-stm32.10.3-2021.10.win32_1.0.0.202111181127/tools/bin/../lib/gcc/arm-none-eabi/10.3.1/../../../../arm-none-eabi/lib/thumb/v7e-m+fp/hard\libc_nano.a(lib_a-memset.o)
                0x00000000080071f8                memset
 .text.__sfputc_r
                0x0000000008007208       0x2e c:/program files/stm32cubeide/stm32cubeide/plugins/com.st.stm32cube.ide.mcu.externaltools.gnu-tools-for-stm32.10.3-2021.10.win32_1.0.0.202111181127/tools/bin/../lib/gcc/arm-none-eabi/10.3.1/../../../../arm-none-eabi/lib/thumb/v7e-m+fp/hard\libc_nano.a(lib_a-nano-vfprintf.o)
 .text.__sfputs_r
                0x0000000008007236       0x24 c:/program files/stm32cubeide/stm32cubeide/plugins/com.st.stm32cube.ide.mcu.externaltools.gnu-tools-for-stm32.10.3-2021.10.win32_1.0.0.202111181127/tools/bin/../lib/gcc/arm-none-eabi/10.3.1/../../../../arm-none-eabi/lib/thumb/v7e-m+fp/hard\libc_nano.a(lib_a-nano-vfprintf.o)
                0x0000000008007236                __sfputs_r
 *fill*         0x000000000800725a        0x2 
 .text._vfprintf_r
                0x000000000800725c      0x260 c:/program files/stm32cubeide/stm32cubeide/plugins/com.st.stm32cube.ide.mcu.externaltools.gnu-tools-for-stm32.10.3-2021.10.win32_1.0.0.202111181127/tools/bin/../lib/gcc/arm-none-eabi/10.3.1/../../../../arm-none-eabi/lib/thumb/v7e-m+fp/hard\libc_nano.a(lib_a-nano-vfprintf.o)
                0x000000000800725c                _vfprintf_r
                0x000000000800725c                _vfiprintf_r
 .text._printf_common
                0x00000000080074bc       0xda c:/program files/stm32cubeide/stm32cubeide/plugins/com.st.stm32cube.ide.mcu.externaltools.gnu-tools-for-stm32.10.3-2021.10.win32_1.0.0.202111181127/tools/bin/../lib/gcc/arm-none-eabi/10.3.1/../../../../arm-none-eabi/lib/thumb/v7e-m+fp/hard\libc_nano.a(lib_a-nano-vfprintf_i.o)
                0x00000000080074bc                _printf_common
 *fill*         0x0000000008007596        0x2 
 .text._printf_i
                0x0000000008007598      0x24c c:/program files/stm32cubeide/stm32cubeide/plugins/com.st.stm32cube.ide.mcu.externaltools.gnu-tools-for-stm32.10.3-2021.10.win32_1.0.0.202111181127/tools/bin/../lib/gcc/arm-none-eabi/10.3.1/../../../../arm-none-eabi/lib/thumb/v7e-m+fp/hard\libc_nano.a(lib_a-nano-vfprintf_i.o)
                0x0000000008007598                _printf_i
 .text.__swbuf_r
                0x00000000080077e4       0xa4 c:/program files/stm32cubeide/stm32cubeide/plugins/com.st.stm32cube.ide.mcu.externaltools.gnu-tools-for-stm32.10.3-2021.10.win32_1.0.0.202111181127/tools/bin/../lib/gcc/arm-none-eabi/10.3.1/../../../../arm-none-eabi/lib/thumb/v7e-m+fp/hard\libc_nano.a(lib_a-wbuf.o)
                0x00000000080077e4                __swbuf_r
 .text.__swsetup_r
                0x0000000008007888       0xdc c:/program files/stm32cubeide/stm32cubeide/plugins/com.st.stm32cube.ide.mcu.externaltools.gnu-tools-for-stm32.10.3-2021.10.win32_1.0.0.202111181127/tools/bin/../lib/gcc/arm-none-eabi/10.3.1/../../../../arm-none-eabi/lib/thumb/v7e-m+fp/hard\libc_nano.a(lib_a-wsetup.o)
                0x0000000008007888                __swsetup_r
 .text.abort    0x0000000008007964        0xe c:/program files/stm32cubeide/stm32cubeide/plugins/com.st.stm32cube.ide.mcu.externaltools.gnu-tools-for-stm32.10.3-2021.10.win32_1.0.0.202111181127/tools/bin/../lib/gcc/arm-none-eabi/10.3.1/../../../../arm-none-eabi/lib/thumb/v7e-m+fp/hard\libc_nano.a(lib_a-abort.o)
                0x0000000008007964                abort
 *fill*         0x0000000008007972        0x2 
 .text.__sflush_r
                0x0000000008007974      0x10c c:/program files/stm32cubeide/stm32cubeide/plugins/com.st.stm32cube.ide.mcu.externaltools.gnu-tools-for-stm32.10.3-2021.10.win32_1.0.0.202111181127/tools/bin/../lib/gcc/arm-none-eabi/10.3.1/../../../../arm-none-eabi/lib/thumb/v7e-m+fp/hard\libc_nano.a(lib_a-fflush.o)
                0x0000000008007974                __sflush_r
 .text._fflush_r
                0x0000000008007a80       0x78 c:/program files/stm32cubeide/stm32cubeide/plugins/com.st.stm32cube.ide.mcu.externaltools.gnu-tools-for-stm32.10.3-2021.10.win32_1.0.0.202111181127/tools/bin/../lib/gcc/arm-none-eabi/10.3.1/../../../../arm-none-eabi/lib/thumb/v7e-m+fp/hard\libc_nano.a(lib_a-fflush.o)
                0x0000000008007a80                _fflush_r
 .text.std      0x0000000008007af8       0x48 c:/program files/stm32cubeide/stm32cubeide/plugins/com.st.stm32cube.ide.mcu.externaltools.gnu-tools-for-stm32.10.3-2021.10.win32_1.0.0.202111181127/tools/bin/../lib/gcc/arm-none-eabi/10.3.1/../../../../arm-none-eabi/lib/thumb/v7e-m+fp/hard\libc_nano.a(lib_a-findfp.o)
 .text._cleanup_r
                0x0000000008007b40        0xc c:/program files/stm32cubeide/stm32cubeide/plugins/com.st.stm32cube.ide.mcu.externaltools.gnu-tools-for-stm32.10.3-2021.10.win32_1.0.0.202111181127/tools/bin/../lib/gcc/arm-none-eabi/10.3.1/../../../../arm-none-eabi/lib/thumb/v7e-m+fp/hard\libc_nano.a(lib_a-findfp.o)
                0x0000000008007b40                _cleanup_r
 .text.__sfmoreglue
                0x0000000008007b4c       0x2c c:/program files/stm32cubeide/stm32cubeide/plugins/com.st.stm32cube.ide.mcu.externaltools.gnu-tools-for-stm32.10.3-2021.10.win32_1.0.0.202111181127/tools/bin/../lib/gcc/arm-none-eabi/10.3.1/../../../../arm-none-eabi/lib/thumb/v7e-m+fp/hard\libc_nano.a(lib_a-findfp.o)
                0x0000000008007b4c                __sfmoreglue
 .text.__sfp_lock_acquire
                0x0000000008007b78        0xc c:/program files/stm32cubeide/stm32cubeide/plugins/com.st.stm32cube.ide.mcu.externaltools.gnu-tools-for-stm32.10.3-2021.10.win32_1.0.0.202111181127/tools/bin/../lib/gcc/arm-none-eabi/10.3.1/../../../../arm-none-eabi/lib/thumb/v7e-m+fp/hard\libc_nano.a(lib_a-findfp.o)
                0x0000000008007b78                __sfp_lock_acquire
 .text.__sfp_lock_release
                0x0000000008007b84        0xc c:/program files/stm32cubeide/stm32cubeide/plugins/com.st.stm32cube.ide.mcu.externaltools.gnu-tools-for-stm32.10.3-2021.10.win32_1.0.0.202111181127/tools/bin/../lib/gcc/arm-none-eabi/10.3.1/../../../../arm-none-eabi/lib/thumb/v7e-m+fp/hard\libc_nano.a(lib_a-findfp.o)
                0x0000000008007b84                __sfp_lock_release
 .text.__sinit_lock_acquire
                0x0000000008007b90        0xc c:/program files/stm32cubeide/stm32cubeide/plugins/com.st.stm32cube.ide.mcu.externaltools.gnu-tools-for-stm32.10.3-2021.10.win32_1.0.0.202111181127/tools/bin/../lib/gcc/arm-none-eabi/10.3.1/../../../../arm-none-eabi/lib/thumb/v7e-m+fp/hard\libc_nano.a(lib_a-findfp.o)
                0x0000000008007b90                __sinit_lock_acquire
 .text.__sinit_lock_release
                0x0000000008007b9c        0xc c:/program files/stm32cubeide/stm32cubeide/plugins/com.st.stm32cube.ide.mcu.externaltools.gnu-tools-for-stm32.10.3-2021.10.win32_1.0.0.202111181127/tools/bin/../lib/gcc/arm-none-eabi/10.3.1/../../../../arm-none-eabi/lib/thumb/v7e-m+fp/hard\libc_nano.a(lib_a-findfp.o)
                0x0000000008007b9c                __sinit_lock_release
 .text.__sinit  0x0000000008007ba8       0x70 c:/program files/stm32cubeide/stm32cubeide/plugins/com.st.stm32cube.ide.mcu.externaltools.gnu-tools-for-stm32.10.3-2021.10.win32_1.0.0.202111181127/tools/bin/../lib/gcc/arm-none-eabi/10.3.1/../../../../arm-none-eabi/lib/thumb/v7e-m+fp/hard\libc_nano.a(lib_a-findfp.o)
                0x0000000008007ba8                __sinit
 .text.__sfp    0x0000000008007c18       0x8c c:/program files/stm32cubeide/stm32cubeide/plugins/com.st.stm32cube.ide.mcu.externaltools.gnu-tools-for-stm32.10.3-2021.10.win32_1.0.0.202111181127/tools/bin/../lib/gcc/arm-none-eabi/10.3.1/../../../../arm-none-eabi/lib/thumb/v7e-m+fp/hard\libc_nano.a(lib_a-findfp.o)
                0x0000000008007c18                __sfp
 .text._fwalk_reent
                0x0000000008007ca4       0x3e c:/program files/stm32cubeide/stm32cubeide/plugins/com.st.stm32cube.ide.mcu.externaltools.gnu-tools-for-stm32.10.3-2021.10.win32_1.0.0.202111181127/tools/bin/../lib/gcc/arm-none-eabi/10.3.1/../../../../arm-none-eabi/lib/thumb/v7e-m+fp/hard\libc_nano.a(lib_a-fwalk.o)
                0x0000000008007ca4                _fwalk_reent
 .text.__retarget_lock_init_recursive
                0x0000000008007ce2        0x2 c:/program files/stm32cubeide/stm32cubeide/plugins/com.st.stm32cube.ide.mcu.externaltools.gnu-tools-for-stm32.10.3-2021.10.win32_1.0.0.202111181127/tools/bin/../lib/gcc/arm-none-eabi/10.3.1/../../../../arm-none-eabi/lib/thumb/v7e-m+fp/hard\libc_nano.a(lib_a-lock.o)
                0x0000000008007ce2                __retarget_lock_init_recursive
 .text.__retarget_lock_acquire_recursive
                0x0000000008007ce4        0x2 c:/program files/stm32cubeide/stm32cubeide/plugins/com.st.stm32cube.ide.mcu.externaltools.gnu-tools-for-stm32.10.3-2021.10.win32_1.0.0.202111181127/tools/bin/../lib/gcc/arm-none-eabi/10.3.1/../../../../arm-none-eabi/lib/thumb/v7e-m+fp/hard\libc_nano.a(lib_a-lock.o)
                0x0000000008007ce4                __retarget_lock_acquire_recursive
 .text.__retarget_lock_release_recursive
                0x0000000008007ce6        0x2 c:/program files/stm32cubeide/stm32cubeide/plugins/com.st.stm32cube.ide.mcu.externaltools.gnu-tools-for-stm32.10.3-2021.10.win32_1.0.0.202111181127/tools/bin/../lib/gcc/arm-none-eabi/10.3.1/../../../../arm-none-eabi/lib/thumb/v7e-m+fp/hard\libc_nano.a(lib_a-lock.o)
                0x0000000008007ce6                __retarget_lock_release_recursive
 .text.__swhatbuf_r
                0x0000000008007ce8       0x4a c:/program files/stm32cubeide/stm32cubeide/plugins/com.st.stm32cube.ide.mcu.externaltools.gnu-tools-for-stm32.10.3-2021.10.win32_1.0.0.202111181127/tools/bin/../lib/gcc/arm-none-eabi/10.3.1/../../../../arm-none-eabi/lib/thumb/v7e-m+fp/hard\libc_nano.a(lib_a-makebuf.o)
                0x0000000008007ce8                __swhatbuf_r
 *fill*         0x0000000008007d32        0x2 
 .text.__smakebuf_r
                0x0000000008007d34       0x80 c:/program files/stm32cubeide/stm32cubeide/plugins/com.st.stm32cube.ide.mcu.externaltools.gnu-tools-for-stm32.10.3-2021.10.win32_1.0.0.202111181127/tools/bin/../lib/gcc/arm-none-eabi/10.3.1/../../../../arm-none-eabi/lib/thumb/v7e-m+fp/hard\libc_nano.a(lib_a-makebuf.o)
                0x0000000008007d34                __smakebuf_r
 .text._free_r  0x0000000008007db4       0x98 c:/program files/stm32cubeide/stm32cubeide/plugins/com.st.stm32cube.ide.mcu.externaltools.gnu-tools-for-stm32.10.3-2021.10.win32_1.0.0.202111181127/tools/bin/../lib/gcc/arm-none-eabi/10.3.1/../../../../arm-none-eabi/lib/thumb/v7e-m+fp/hard\libc_nano.a(lib_a-nano-freer.o)
                0x0000000008007db4                _free_r
 .text.sbrk_aligned
                0x0000000008007e4c       0x40 c:/program files/stm32cubeide/stm32cubeide/plugins/com.st.stm32cube.ide.mcu.externaltools.gnu-tools-for-stm32.10.3-2021.10.win32_1.0.0.202111181127/tools/bin/../lib/gcc/arm-none-eabi/10.3.1/../../../../arm-none-eabi/lib/thumb/v7e-m+fp/hard\libc_nano.a(lib_a-nano-mallocr.o)
 .text._malloc_r
                0x0000000008007e8c       0xe8 c:/program files/stm32cubeide/stm32cubeide/plugins/com.st.stm32cube.ide.mcu.externaltools.gnu-tools-for-stm32.10.3-2021.10.win32_1.0.0.202111181127/tools/bin/../lib/gcc/arm-none-eabi/10.3.1/../../../../arm-none-eabi/lib/thumb/v7e-m+fp/hard\libc_nano.a(lib_a-nano-mallocr.o)
                0x0000000008007e8c                _malloc_r
 .text._sbrk_r  0x0000000008007f74       0x20 c:/program files/stm32cubeide/stm32cubeide/plugins/com.st.stm32cube.ide.mcu.externaltools.gnu-tools-for-stm32.10.3-2021.10.win32_1.0.0.202111181127/tools/bin/../lib/gcc/arm-none-eabi/10.3.1/../../../../arm-none-eabi/lib/thumb/v7e-m+fp/hard\libc_nano.a(lib_a-sbrkr.o)
                0x0000000008007f74                _sbrk_r
 .text._raise_r
                0x0000000008007f94       0x50 c:/program files/stm32cubeide/stm32cubeide/plugins/com.st.stm32cube.ide.mcu.externaltools.gnu-tools-for-stm32.10.3-2021.10.win32_1.0.0.202111181127/tools/bin/../lib/gcc/arm-none-eabi/10.3.1/../../../../arm-none-eabi/lib/thumb/v7e-m+fp/hard\libc_nano.a(lib_a-signal.o)
                0x0000000008007f94                _raise_r
 .text.raise    0x0000000008007fe4       0x10 c:/program files/stm32cubeide/stm32cubeide/plugins/com.st.stm32cube.ide.mcu.externaltools.gnu-tools-for-stm32.10.3-2021.10.win32_1.0.0.202111181127/tools/bin/../lib/gcc/arm-none-eabi/10.3.1/../../../../arm-none-eabi/lib/thumb/v7e-m+fp/hard\libc_nano.a(lib_a-signal.o)
                0x0000000008007fe4                raise
 .text._kill_r  0x0000000008007ff4       0x24 c:/program files/stm32cubeide/stm32cubeide/plugins/com.st.stm32cube.ide.mcu.externaltools.gnu-tools-for-stm32.10.3-2021.10.win32_1.0.0.202111181127/tools/bin/../lib/gcc/arm-none-eabi/10.3.1/../../../../arm-none-eabi/lib/thumb/v7e-m+fp/hard\libc_nano.a(lib_a-signalr.o)
                0x0000000008007ff4                _kill_r
 .text._getpid_r
                0x0000000008008018        0x4 c:/program files/stm32cubeide/stm32cubeide/plugins/com.st.stm32cube.ide.mcu.externaltools.gnu-tools-for-stm32.10.3-2021.10.win32_1.0.0.202111181127/tools/bin/../lib/gcc/arm-none-eabi/10.3.1/../../../../arm-none-eabi/lib/thumb/v7e-m+fp/hard\libc_nano.a(lib_a-signalr.o)
                0x0000000008008018                _getpid_r
 .text.__sread  0x000000000800801c       0x22 c:/program files/stm32cubeide/stm32cubeide/plugins/com.st.stm32cube.ide.mcu.externaltools.gnu-tools-for-stm32.10.3-2021.10.win32_1.0.0.202111181127/tools/bin/../lib/gcc/arm-none-eabi/10.3.1/../../../../arm-none-eabi/lib/thumb/v7e-m+fp/hard\libc_nano.a(lib_a-stdio.o)
                0x000000000800801c                __sread
 .text.__swrite
                0x000000000800803e       0x38 c:/program files/stm32cubeide/stm32cubeide/plugins/com.st.stm32cube.ide.mcu.externaltools.gnu-tools-for-stm32.10.3-2021.10.win32_1.0.0.202111181127/tools/bin/../lib/gcc/arm-none-eabi/10.3.1/../../../../arm-none-eabi/lib/thumb/v7e-m+fp/hard\libc_nano.a(lib_a-stdio.o)
                0x000000000800803e                __swrite
 .text.__sseek  0x0000000008008076       0x24 c:/program files/stm32cubeide/stm32cubeide/plugins/com.st.stm32cube.ide.mcu.externaltools.gnu-tools-for-stm32.10.3-2021.10.win32_1.0.0.202111181127/tools/bin/../lib/gcc/arm-none-eabi/10.3.1/../../../../arm-none-eabi/lib/thumb/v7e-m+fp/hard\libc_nano.a(lib_a-stdio.o)
                0x0000000008008076                __sseek
 .text.__sclose
                0x000000000800809a        0x8 c:/program files/stm32cubeide/stm32cubeide/plugins/com.st.stm32cube.ide.mcu.externaltools.gnu-tools-for-stm32.10.3-2021.10.win32_1.0.0.202111181127/tools/bin/../lib/gcc/arm-none-eabi/10.3.1/../../../../arm-none-eabi/lib/thumb/v7e-m+fp/hard\libc_nano.a(lib_a-stdio.o)
                0x000000000800809a                __sclose
 *fill*         0x00000000080080a2        0x2 
 .text._write_r
                0x00000000080080a4       0x24 c:/program files/stm32cubeide/stm32cubeide/plugins/com.st.stm32cube.ide.mcu.externaltools.gnu-tools-for-stm32.10.3-2021.10.win32_1.0.0.202111181127/tools/bin/../lib/gcc/arm-none-eabi/10.3.1/../../../../arm-none-eabi/lib/thumb/v7e-m+fp/hard\libc_nano.a(lib_a-writer.o)
                0x00000000080080a4                _write_r
 .text._close_r
                0x00000000080080c8       0x20 c:/program files/stm32cubeide/stm32cubeide/plugins/com.st.stm32cube.ide.mcu.externaltools.gnu-tools-for-stm32.10.3-2021.10.win32_1.0.0.202111181127/tools/bin/../lib/gcc/arm-none-eabi/10.3.1/../../../../arm-none-eabi/lib/thumb/v7e-m+fp/hard\libc_nano.a(lib_a-closer.o)
                0x00000000080080c8                _close_r
 .text._fstat_r
                0x00000000080080e8       0x24 c:/program files/stm32cubeide/stm32cubeide/plugins/com.st.stm32cube.ide.mcu.externaltools.gnu-tools-for-stm32.10.3-2021.10.win32_1.0.0.202111181127/tools/bin/../lib/gcc/arm-none-eabi/10.3.1/../../../../arm-none-eabi/lib/thumb/v7e-m+fp/hard\libc_nano.a(lib_a-fstatr.o)
                0x00000000080080e8                _fstat_r
 .text._isatty_r
                0x000000000800810c       0x20 c:/program files/stm32cubeide/stm32cubeide/plugins/com.st.stm32cube.ide.mcu.externaltools.gnu-tools-for-stm32.10.3-2021.10.win32_1.0.0.202111181127/tools/bin/../lib/gcc/arm-none-eabi/10.3.1/../../../../arm-none-eabi/lib/thumb/v7e-m+fp/hard\libc_nano.a(lib_a-isattyr.o)
                0x000000000800810c                _isatty_r
 .text._lseek_r
                0x000000000800812c       0x24 c:/program files/stm32cubeide/stm32cubeide/plugins/com.st.stm32cube.ide.mcu.externaltools.gnu-tools-for-stm32.10.3-2021.10.win32_1.0.0.202111181127/tools/bin/../lib/gcc/arm-none-eabi/10.3.1/../../../../arm-none-eabi/lib/thumb/v7e-m+fp/hard\libc_nano.a(lib_a-lseekr.o)
                0x000000000800812c                _lseek_r
 .text.__malloc_lock
                0x0000000008008150        0xc c:/program files/stm32cubeide/stm32cubeide/plugins/com.st.stm32cube.ide.mcu.externaltools.gnu-tools-for-stm32.10.3-2021.10.win32_1.0.0.202111181127/tools/bin/../lib/gcc/arm-none-eabi/10.3.1/../../../../arm-none-eabi/lib/thumb/v7e-m+fp/hard\libc_nano.a(lib_a-mlock.o)
                0x0000000008008150                __malloc_lock
 .text.__malloc_unlock
                0x000000000800815c        0xc c:/program files/stm32cubeide/stm32cubeide/plugins/com.st.stm32cube.ide.mcu.externaltools.gnu-tools-for-stm32.10.3-2021.10.win32_1.0.0.202111181127/tools/bin/../lib/gcc/arm-none-eabi/10.3.1/../../../../arm-none-eabi/lib/thumb/v7e-m+fp/hard\libc_nano.a(lib_a-mlock.o)
                0x000000000800815c                __malloc_unlock
 .text._read_r  0x0000000008008168       0x24 c:/program files/stm32cubeide/stm32cubeide/plugins/com.st.stm32cube.ide.mcu.externaltools.gnu-tools-for-stm32.10.3-2021.10.win32_1.0.0.202111181127/tools/bin/../lib/gcc/arm-none-eabi/10.3.1/../../../../arm-none-eabi/lib/thumb/v7e-m+fp/hard\libc_nano.a(lib_a-readr.o)
                0x0000000008008168                _read_r
 *(.glue_7)
 .glue_7        0x000000000800818c        0x0 linker stubs
 *(.glue_7t)
 .glue_7t       0x000000000800818c        0x0 linker stubs
 *(.eh_frame)
 .eh_frame      0x000000000800818c        0x0 c:/program files/stm32cubeide/stm32cubeide/plugins/com.st.stm32cube.ide.mcu.externaltools.gnu-tools-for-stm32.10.3-2021.10.win32_1.0.0.202111181127/tools/bin/../lib/gcc/arm-none-eabi/10.3.1/thumb/v7e-m+fp/hard/crtbegin.o
 *(.init)
 .init          0x000000000800818c        0x4 c:/program files/stm32cubeide/stm32cubeide/plugins/com.st.stm32cube.ide.mcu.externaltools.gnu-tools-for-stm32.10.3-2021.10.win32_1.0.0.202111181127/tools/bin/../lib/gcc/arm-none-eabi/10.3.1/thumb/v7e-m+fp/hard/crti.o
                0x000000000800818c                _init
 .init          0x0000000008008190        0x8 c:/program files/stm32cubeide/stm32cubeide/plugins/com.st.stm32cube.ide.mcu.externaltools.gnu-tools-for-stm32.10.3-2021.10.win32_1.0.0.202111181127/tools/bin/../lib/gcc/arm-none-eabi/10.3.1/thumb/v7e-m+fp/hard/crtn.o
 *(.fini)
 .fini          0x0000000008008198        0x4 c:/program files/stm32cubeide/stm32cubeide/plugins/com.st.stm32cube.ide.mcu.externaltools.gnu-tools-for-stm32.10.3-2021.10.win32_1.0.0.202111181127/tools/bin/../lib/gcc/arm-none-eabi/10.3.1/thumb/v7e-m+fp/hard/crti.o
                0x0000000008008198                _fini
 .fini          0x000000000800819c        0x8 c:/program files/stm32cubeide/stm32cubeide/plugins/com.st.stm32cube.ide.mcu.externaltools.gnu-tools-for-stm32.10.3-2021.10.win32_1.0.0.202111181127/tools/bin/../lib/gcc/arm-none-eabi/10.3.1/thumb/v7e-m+fp/hard/crtn.o
                0x00000000080081a4                . = ALIGN (0x4)
                0x00000000080081a4                _etext = .

.vfp11_veneer   0x00000000080081a4        0x0
 .vfp11_veneer  0x00000000080081a4        0x0 linker stubs

.v4_bx          0x00000000080081a4        0x0
 .v4_bx         0x00000000080081a4        0x0 linker stubs

.iplt           0x00000000080081a4        0x0
 .iplt          0x00000000080081a4        0x0 c:/program files/stm32cubeide/stm32cubeide/plugins/com.st.stm32cube.ide.mcu.externaltools.gnu-tools-for-stm32.10.3-2021.10.win32_1.0.0.202111181127/tools/bin/../lib/gcc/arm-none-eabi/10.3.1/thumb/v7e-m+fp/hard/crtbegin.o

.rodata         0x00000000080081a4      0x41c
                0x00000000080081a4                . = ALIGN (0x4)
 *(.rodata)
 .rodata        0x00000000080081a4        0x8 ./Core/Src/main.o
 .rodata        0x00000000080081ac       0xd7 ./modbus/mbrtu.o
 *(.rodata*)
 *fill*         0x0000000008008283        0x1 
 .rodata.AHBPrescTable
                0x0000000008008284       0x10 ./Core/Src/system_stm32f4xx.o
                0x0000000008008284                AHBPrescTable
 .rodata.APBPrescTable
                0x0000000008008294        0x8 ./Core/Src/system_stm32f4xx.o
                0x0000000008008294                APBPrescTable
 .rodata.aucCRCHi
                0x000000000800829c      0x100 ./modbus/mbcrc.o
 .rodata.aucCRCLo
                0x000000000800839c      0x100 ./modbus/mbcrc.o
 .rodata.__func__.3
                0x000000000800849c        0xe ./modbus/mbrtu.o
 *fill*         0x00000000080084aa        0x2 
 .rodata.__func__.2
                0x00000000080084ac       0x11 ./modbus/mbrtu.o
 *fill*         0x00000000080084bd        0x3 
 .rodata.__func__.1
                0x00000000080084c0       0x12 ./modbus/mbrtu.o
 *fill*         0x00000000080084d2        0x2 
 .rodata.__func__.0
                0x00000000080084d4       0x16 ./modbus/mbrtu.o
 .rodata.__assert_func.str1.1
                0x00000000080084ea       0x3c c:/program files/stm32cubeide/stm32cubeide/plugins/com.st.stm32cube.ide.mcu.externaltools.gnu-tools-for-stm32.10.3-2021.10.win32_1.0.0.202111181127/tools/bin/../lib/gcc/arm-none-eabi/10.3.1/../../../../arm-none-eabi/lib/thumb/v7e-m+fp/hard\libc_nano.a(lib_a-assert.o)
                                         0x3d (size before relaxing)
 *fill*         0x0000000008008526        0x2 
 .rodata._global_impure_ptr
                0x0000000008008528        0x4 c:/program files/stm32cubeide/stm32cubeide/plugins/com.st.stm32cube.ide.mcu.externaltools.gnu-tools-for-stm32.10.3-2021.10.win32_1.0.0.202111181127/tools/bin/../lib/gcc/arm-none-eabi/10.3.1/../../../../arm-none-eabi/lib/thumb/v7e-m+fp/hard\libc_nano.a(lib_a-impure.o)
                0x0000000008008528                _global_impure_ptr
 .rodata._vfprintf_r.str1.1
                0x000000000800852c       0x11 c:/program files/stm32cubeide/stm32cubeide/plugins/com.st.stm32cube.ide.mcu.externaltools.gnu-tools-for-stm32.10.3-2021.10.win32_1.0.0.202111181127/tools/bin/../lib/gcc/arm-none-eabi/10.3.1/../../../../arm-none-eabi/lib/thumb/v7e-m+fp/hard\libc_nano.a(lib_a-nano-vfprintf.o)
 .rodata._printf_i.str1.1
                0x000000000800853d       0x22 c:/program files/stm32cubeide/stm32cubeide/plugins/com.st.stm32cube.ide.mcu.externaltools.gnu-tools-for-stm32.10.3-2021.10.win32_1.0.0.202111181127/tools/bin/../lib/gcc/arm-none-eabi/10.3.1/../../../../arm-none-eabi/lib/thumb/v7e-m+fp/hard\libc_nano.a(lib_a-nano-vfprintf_i.o)
 *fill*         0x000000000800855f        0x1 
 .rodata.__sf_fake_stderr
                0x0000000008008560       0x20 c:/program files/stm32cubeide/stm32cubeide/plugins/com.st.stm32cube.ide.mcu.externaltools.gnu-tools-for-stm32.10.3-2021.10.win32_1.0.0.202111181127/tools/bin/../lib/gcc/arm-none-eabi/10.3.1/../../../../arm-none-eabi/lib/thumb/v7e-m+fp/hard\libc_nano.a(lib_a-findfp.o)
                0x0000000008008560                __sf_fake_stderr
 .rodata.__sf_fake_stdin
                0x0000000008008580       0x20 c:/program files/stm32cubeide/stm32cubeide/plugins/com.st.stm32cube.ide.mcu.externaltools.gnu-tools-for-stm32.10.3-2021.10.win32_1.0.0.202111181127/tools/bin/../lib/gcc/arm-none-eabi/10.3.1/../../../../arm-none-eabi/lib/thumb/v7e-m+fp/hard\libc_nano.a(lib_a-findfp.o)
                0x0000000008008580                __sf_fake_stdin
 .rodata.__sf_fake_stdout
                0x00000000080085a0       0x20 c:/program files/stm32cubeide/stm32cubeide/plugins/com.st.stm32cube.ide.mcu.externaltools.gnu-tools-for-stm32.10.3-2021.10.win32_1.0.0.202111181127/tools/bin/../lib/gcc/arm-none-eabi/10.3.1/../../../../arm-none-eabi/lib/thumb/v7e-m+fp/hard\libc_nano.a(lib_a-findfp.o)
                0x00000000080085a0                __sf_fake_stdout
                0x00000000080085c0                . = ALIGN (0x4)

.ARM.extab      0x00000000080085c0        0x0
                0x00000000080085c0                . = ALIGN (0x4)
 *(.ARM.extab* .gnu.linkonce.armextab.*)
                0x00000000080085c0                . = ALIGN (0x4)

.ARM            0x00000000080085c0        0x8
                0x00000000080085c0                . = ALIGN (0x4)
                0x00000000080085c0                __exidx_start = .
 *(.ARM.exidx*)
 .ARM.exidx     0x00000000080085c0        0x8 c:/program files/stm32cubeide/stm32cubeide/plugins/com.st.stm32cube.ide.mcu.externaltools.gnu-tools-for-stm32.10.3-2021.10.win32_1.0.0.202111181127/tools/bin/../lib/gcc/arm-none-eabi/10.3.1/thumb/v7e-m+fp/hard\libgcc.a(_udivmoddi4.o)
                0x00000000080085c8                __exidx_end = .
                0x00000000080085c8                . = ALIGN (0x4)

.rel.dyn        0x00000000080085c8        0x0
 .rel.iplt      0x00000000080085c8        0x0 c:/program files/stm32cubeide/stm32cubeide/plugins/com.st.stm32cube.ide.mcu.externaltools.gnu-tools-for-stm32.10.3-2021.10.win32_1.0.0.202111181127/tools/bin/../lib/gcc/arm-none-eabi/10.3.1/thumb/v7e-m+fp/hard/crtbegin.o

.preinit_array  0x00000000080085c8        0x0
                0x00000000080085c8                . = ALIGN (0x4)
                0x00000000080085c8                PROVIDE (__preinit_array_start = .)
 *(.preinit_array*)
                0x00000000080085c8                PROVIDE (__preinit_array_end = .)
                0x00000000080085c8                . = ALIGN (0x4)

.init_array     0x00000000080085c8        0x4
                0x00000000080085c8                . = ALIGN (0x4)
                0x00000000080085c8                PROVIDE (__init_array_start = .)
 *(SORT_BY_NAME(.init_array.*))
 *(.init_array*)
 .init_array    0x00000000080085c8        0x4 c:/program files/stm32cubeide/stm32cubeide/plugins/com.st.stm32cube.ide.mcu.externaltools.gnu-tools-for-stm32.10.3-2021.10.win32_1.0.0.202111181127/tools/bin/../lib/gcc/arm-none-eabi/10.3.1/thumb/v7e-m+fp/hard/crtbegin.o
                0x00000000080085cc                PROVIDE (__init_array_end = .)
                0x00000000080085cc                . = ALIGN (0x4)

.fini_array     0x00000000080085cc        0x4
                0x00000000080085cc                . = ALIGN (0x4)
                [!provide]                        PROVIDE (__fini_array_start = .)
 *(SORT_BY_NAME(.fini_array.*))
 *(.fini_array*)
 .fini_array    0x00000000080085cc        0x4 c:/program files/stm32cubeide/stm32cubeide/plugins/com.st.stm32cube.ide.mcu.externaltools.gnu-tools-for-stm32.10.3-2021.10.win32_1.0.0.202111181127/tools/bin/../lib/gcc/arm-none-eabi/10.3.1/thumb/v7e-m+fp/hard/crtbegin.o
                [!provide]                        PROVIDE (__fini_array_end = .)
                0x00000000080085d0                . = ALIGN (0x4)
                0x00000000080085d0                _sidata = LOADADDR (.data)

.data           0x0000000020000000       0xf8 load address 0x00000000080085d0
                0x0000000020000000                . = ALIGN (0x4)
                0x0000000020000000                _sdata = .
 *(.data)
 *(.data*)
 .data.dac_charge_value
                0x0000000020000000        0x4 ./Core/Src/main.o
                0x0000000020000000                dac_charge_value
 .data.usRegHoldingStart
                0x0000000020000004        0x2 ./Core/Src/main.o
 *fill*         0x0000000020000006        0x2 
 .data.SystemCoreClock
                0x0000000020000008        0x4 ./Core/Src/system_stm32f4xx.o
                0x0000000020000008                SystemCoreClock
 .data.uwTickPrio
                0x000000002000000c        0x4 ./Drivers/STM32F4xx_HAL_Driver/Src/stm32f4xx_hal.o
                0x000000002000000c                uwTickPrio
 .data.uwTickFreq
                0x0000000020000010        0x1 ./Drivers/STM32F4xx_HAL_Driver/Src/stm32f4xx_hal.o
                0x0000000020000010                uwTickFreq
 .data.eMBState
                0x0000000020000011        0x1 ./modbus/mb.o
 *fill*         0x0000000020000012        0x2 
 .data.xFuncHandlers
                0x0000000020000014       0x80 ./modbus/mb.o
 .data._impure_ptr
                0x0000000020000094        0x4 c:/program files/stm32cubeide/stm32cubeide/plugins/com.st.stm32cube.ide.mcu.externaltools.gnu-tools-for-stm32.10.3-2021.10.win32_1.0.0.202111181127/tools/bin/../lib/gcc/arm-none-eabi/10.3.1/../../../../arm-none-eabi/lib/thumb/v7e-m+fp/hard\libc_nano.a(lib_a-impure.o)
                0x0000000020000094                _impure_ptr
 .data.impure_data
                0x0000000020000098       0x60 c:/program files/stm32cubeide/stm32cubeide/plugins/com.st.stm32cube.ide.mcu.externaltools.gnu-tools-for-stm32.10.3-2021.10.win32_1.0.0.202111181127/tools/bin/../lib/gcc/arm-none-eabi/10.3.1/../../../../arm-none-eabi/lib/thumb/v7e-m+fp/hard\libc_nano.a(lib_a-impure.o)
 *(.RamFunc)
 *(.RamFunc*)
                0x00000000200000f8                . = ALIGN (0x4)
                0x00000000200000f8                _edata = .

.igot.plt       0x00000000200000f8        0x0 load address 0x00000000080086c8
 .igot.plt      0x00000000200000f8        0x0 c:/program files/stm32cubeide/stm32cubeide/plugins/com.st.stm32cube.ide.mcu.externaltools.gnu-tools-for-stm32.10.3-2021.10.win32_1.0.0.202111181127/tools/bin/../lib/gcc/arm-none-eabi/10.3.1/thumb/v7e-m+fp/hard/crtbegin.o
                0x00000000200000f8                . = ALIGN (0x4)

.bss            0x00000000200000f8      0x350 load address 0x00000000080086c8
                0x00000000200000f8                _sbss = .
                0x00000000200000f8                __bss_start__ = _sbss
 *(.bss)
 .bss           0x00000000200000f8       0x1c c:/program files/stm32cubeide/stm32cubeide/plugins/com.st.stm32cube.ide.mcu.externaltools.gnu-tools-for-stm32.10.3-2021.10.win32_1.0.0.202111181127/tools/bin/../lib/gcc/arm-none-eabi/10.3.1/thumb/v7e-m+fp/hard/crtbegin.o
 *(.bss*)
 .bss.hcan1     0x0000000020000114       0x28 ./Core/Src/can.o
                0x0000000020000114                hcan1
 .bss.hdac      0x000000002000013c       0x14 ./Core/Src/dac.o
                0x000000002000013c                hdac
 .bss.RxHeader  0x0000000020000150       0x1c ./Core/Src/main.o
                0x0000000020000150                RxHeader
 .bss.RxData    0x000000002000016c        0x8 ./Core/Src/main.o
                0x000000002000016c                RxData
 .bss.battery_current
                0x0000000020000174        0x4 ./Core/Src/main.o
                0x0000000020000174                battery_current
 .bss.battery_voltage
                0x0000000020000178        0x4 ./Core/Src/main.o
                0x0000000020000178                battery_voltage
 .bss.battery_temperature
                0x000000002000017c        0x4 ./Core/Src/main.o
                0x000000002000017c                battery_temperature
 .bss.battery_capacity
                0x0000000020000180        0x4 ./Core/Src/main.o
                0x0000000020000180                battery_capacity
 .bss.battery_id1
                0x0000000020000184        0x4 ./Core/Src/main.o
                0x0000000020000184                battery_id1
 .bss.battery_id2
                0x0000000020000188        0x4 ./Core/Src/main.o
                0x0000000020000188                battery_id2
 .bss.cell_number
                0x000000002000018c        0x4 ./Core/Src/main.o
                0x000000002000018c                cell_number
 .bss.battery_percent
                0x0000000020000190        0x4 ./Core/Src/main.o
                0x0000000020000190                battery_percent
 .bss.battery_voltage_cells_total
                0x0000000020000194        0x4 ./Core/Src/main.o
                0x0000000020000194                battery_voltage_cells_total
 .bss.battcells
                0x0000000020000198       0x18 ./Core/Src/main.o
                0x0000000020000198                battcells
 .bss.charge_status
                0x00000000200001b0        0x1 ./Core/Src/main.o
                0x00000000200001b0                charge_status
 .bss.charging_flag
                0x00000000200001b1        0x1 ./Core/Src/main.o
                0x00000000200001b1                charging_flag
 .bss.battery_timeout
                0x00000000200001b2        0x1 ./Core/Src/main.o
                0x00000000200001b2                battery_timeout
 .bss.can_tx_error_flag
                0x00000000200001b3        0x1 ./Core/Src/main.o
                0x00000000200001b3                can_tx_error_flag
 .bss.acquired  0x00000000200001b4        0x1 ./Core/Src/main.o
                0x00000000200001b4                acquired
 *fill*         0x00000000200001b5        0x3 
 .bss.usRegHoldingBuf
                0x00000000200001b8       0x2e ./Core/Src/main.o
 *fill*         0x00000000200001e6        0x2 
 .bss.UART3_rxBuffer
                0x00000000200001e8        0xc ./Core/Src/main.o
                0x00000000200001e8                UART3_rxBuffer
 .bss.update_dac_ticks
                0x00000000200001f4        0x4 ./Core/Src/main.o
                0x00000000200001f4                update_dac_ticks
 .bss.update_dac
                0x00000000200001f8        0x4 ./Core/Src/main.o
                0x00000000200001f8                update_dac
 .bss.__sbrk_heap_end
                0x00000000200001fc        0x4 ./Core/Src/sysmem.o
 .bss.htim7     0x0000000020000200       0x48 ./Core/Src/tim.o
                0x0000000020000200                htim7
 .bss.huart2    0x0000000020000248       0x44 ./Core/Src/usart.o
                0x0000000020000248                huart2
 .bss.huart3    0x000000002000028c       0x44 ./Core/Src/usart.o
                0x000000002000028c                huart3
 .bss.uwTick    0x00000000200002d0        0x4 ./Drivers/STM32F4xx_HAL_Driver/Src/stm32f4xx_hal.o
                0x00000000200002d0                uwTick
 .bss.ucMBAddress
                0x00000000200002d4        0x1 ./modbus/mb.o
 .bss.eMBCurrentMode
                0x00000000200002d5        0x1 ./modbus/mb.o
 *fill*         0x00000000200002d6        0x2 
 .bss.peMBFrameSendCur
                0x00000000200002d8        0x4 ./modbus/mb.o
 .bss.pvMBFrameStartCur
                0x00000000200002dc        0x4 ./modbus/mb.o
 .bss.pvMBFrameStopCur
                0x00000000200002e0        0x4 ./modbus/mb.o
 .bss.peMBFrameReceiveCur
                0x00000000200002e4        0x4 ./modbus/mb.o
 .bss.pvMBFrameCloseCur
                0x00000000200002e8        0x4 ./modbus/mb.o
 .bss.pxMBFrameCBByteReceived
                0x00000000200002ec        0x4 ./modbus/mb.o
                0x00000000200002ec                pxMBFrameCBByteReceived
 .bss.pxMBFrameCBTransmitterEmpty
                0x00000000200002f0        0x4 ./modbus/mb.o
                0x00000000200002f0                pxMBFrameCBTransmitterEmpty
 .bss.pxMBPortCBTimerExpired
                0x00000000200002f4        0x4 ./modbus/mb.o
                0x00000000200002f4                pxMBPortCBTimerExpired
 .bss.ucRcvAddress.4
                0x00000000200002f8        0x1 ./modbus/mb.o
 *fill*         0x00000000200002f9        0x3 
 .bss.ucMBFrame.3
                0x00000000200002fc        0x4 ./modbus/mb.o
 .bss.usLength.2
                0x0000000020000300        0x2 ./modbus/mb.o
 .bss.ucFunctionCode.1
                0x0000000020000302        0x1 ./modbus/mb.o
 .bss.eException.0
                0x0000000020000303        0x1 ./modbus/mb.o
 .bss.ucMBSlaveID
                0x0000000020000304       0x20 ./modbus/mbfuncother.o
 .bss.usMBSlaveIDLen
                0x0000000020000324        0x2 ./modbus/mbfuncother.o
 .bss.eSndState
                0x0000000020000326        0x1 ./modbus/mbrtu.o
 .bss.eRcvState
                0x0000000020000327        0x1 ./modbus/mbrtu.o
 .bss.ucRTUBuf  0x0000000020000328      0x100 ./modbus/mbrtu.o
                0x0000000020000328                ucRTUBuf
 .bss.pucSndBufferCur
                0x0000000020000428        0x4 ./modbus/mbrtu.o
 .bss.usSndBufferCount
                0x000000002000042c        0x2 ./modbus/mbrtu.o
 .bss.usRcvBufferPos
                0x000000002000042e        0x2 ./modbus/mbrtu.o
 .bss.eQueuedEvent
                0x0000000020000430        0x1 ./modbus/portevent.o
 .bss.xEventInQueue
                0x0000000020000431        0x1 ./modbus/portevent.o
 .bss.timeout   0x0000000020000432        0x2 ./modbus/porttimer.o
                0x0000000020000432                timeout
 .bss.downcounter
                0x0000000020000434        0x2 ./modbus/porttimer.o
                0x0000000020000434                downcounter
 .bss.__lock___malloc_recursive_mutex
                0x0000000020000436        0x1 c:/program files/stm32cubeide/stm32cubeide/plugins/com.st.stm32cube.ide.mcu.externaltools.gnu-tools-for-stm32.10.3-2021.10.win32_1.0.0.202111181127/tools/bin/../lib/gcc/arm-none-eabi/10.3.1/../../../../arm-none-eabi/lib/thumb/v7e-m+fp/hard\libc_nano.a(lib_a-lock.o)
                0x0000000020000436                __lock___malloc_recursive_mutex
 .bss.__lock___sfp_recursive_mutex
                0x0000000020000437        0x1 c:/program files/stm32cubeide/stm32cubeide/plugins/com.st.stm32cube.ide.mcu.externaltools.gnu-tools-for-stm32.10.3-2021.10.win32_1.0.0.202111181127/tools/bin/../lib/gcc/arm-none-eabi/10.3.1/../../../../arm-none-eabi/lib/thumb/v7e-m+fp/hard\libc_nano.a(lib_a-lock.o)
                0x0000000020000437                __lock___sfp_recursive_mutex
 .bss.__lock___sinit_recursive_mutex
                0x0000000020000438        0x1 c:/program files/stm32cubeide/stm32cubeide/plugins/com.st.stm32cube.ide.mcu.externaltools.gnu-tools-for-stm32.10.3-2021.10.win32_1.0.0.202111181127/tools/bin/../lib/gcc/arm-none-eabi/10.3.1/../../../../arm-none-eabi/lib/thumb/v7e-m+fp/hard\libc_nano.a(lib_a-lock.o)
                0x0000000020000438                __lock___sinit_recursive_mutex
 *fill*         0x0000000020000439        0x3 
 .bss.__malloc_free_list
                0x000000002000043c        0x4 c:/program files/stm32cubeide/stm32cubeide/plugins/com.st.stm32cube.ide.mcu.externaltools.gnu-tools-for-stm32.10.3-2021.10.win32_1.0.0.202111181127/tools/bin/../lib/gcc/arm-none-eabi/10.3.1/../../../../arm-none-eabi/lib/thumb/v7e-m+fp/hard\libc_nano.a(lib_a-nano-mallocr.o)
                0x000000002000043c                __malloc_free_list
 .bss.__malloc_sbrk_start
                0x0000000020000440        0x4 c:/program files/stm32cubeide/stm32cubeide/plugins/com.st.stm32cube.ide.mcu.externaltools.gnu-tools-for-stm32.10.3-2021.10.win32_1.0.0.202111181127/tools/bin/../lib/gcc/arm-none-eabi/10.3.1/../../../../arm-none-eabi/lib/thumb/v7e-m+fp/hard\libc_nano.a(lib_a-nano-mallocr.o)
                0x0000000020000440                __malloc_sbrk_start
 .bss.errno     0x0000000020000444        0x4 c:/program files/stm32cubeide/stm32cubeide/plugins/com.st.stm32cube.ide.mcu.externaltools.gnu-tools-for-stm32.10.3-2021.10.win32_1.0.0.202111181127/tools/bin/../lib/gcc/arm-none-eabi/10.3.1/../../../../arm-none-eabi/lib/thumb/v7e-m+fp/hard\libc_nano.a(lib_a-reent.o)
                0x0000000020000444                errno
 *(COMMON)
                0x0000000020000448                . = ALIGN (0x4)
                0x0000000020000448                _ebss = .
                0x0000000020000448                __bss_end__ = _ebss

._user_heap_stack
                0x0000000020000448      0x600 load address 0x00000000080086c8
                0x0000000020000448                . = ALIGN (0x8)
                [!provide]                        PROVIDE (end = .)
                0x0000000020000448                PROVIDE (_end = .)
                0x0000000020000648                . = (. + _Min_Heap_Size)
 *fill*         0x0000000020000448      0x200 
                0x0000000020000a48                . = (. + _Min_Stack_Size)
 *fill*         0x0000000020000648      0x400 
                0x0000000020000a48                . = ALIGN (0x8)

/DISCARD/
 libc.a(*)
 libm.a(*)
 libgcc.a(*)

.ARM.attributes
                0x0000000000000000       0x30
 *(.ARM.attributes)
 .ARM.attributes
                0x0000000000000000       0x1e c:/program files/stm32cubeide/stm32cubeide/plugins/com.st.stm32cube.ide.mcu.externaltools.gnu-tools-for-stm32.10.3-2021.10.win32_1.0.0.202111181127/tools/bin/../lib/gcc/arm-none-eabi/10.3.1/thumb/v7e-m+fp/hard/crti.o
 .ARM.attributes
                0x000000000000001e       0x34 c:/program files/stm32cubeide/stm32cubeide/plugins/com.st.stm32cube.ide.mcu.externaltools.gnu-tools-for-stm32.10.3-2021.10.win32_1.0.0.202111181127/tools/bin/../lib/gcc/arm-none-eabi/10.3.1/thumb/v7e-m+fp/hard/crtbegin.o
 .ARM.attributes
                0x0000000000000052       0x34 ./Core/Src/can.o
 .ARM.attributes
                0x0000000000000086       0x34 ./Core/Src/dac.o
 .ARM.attributes
                0x00000000000000ba       0x34 ./Core/Src/gpio.o
 .ARM.attributes
                0x00000000000000ee       0x34 ./Core/Src/main.o
 .ARM.attributes
                0x0000000000000122       0x34 ./Core/Src/stm32f4xx_hal_msp.o
 .ARM.attributes
                0x0000000000000156       0x34 ./Core/Src/stm32f4xx_it.o
 .ARM.attributes
                0x000000000000018a       0x34 ./Core/Src/syscalls.o
 .ARM.attributes
                0x00000000000001be       0x34 ./Core/Src/sysmem.o
 .ARM.attributes
                0x00000000000001f2       0x34 ./Core/Src/system_stm32f4xx.o
 .ARM.attributes
                0x0000000000000226       0x34 ./Core/Src/tim.o
 .ARM.attributes
                0x000000000000025a       0x34 ./Core/Src/usart.o
 .ARM.attributes
                0x000000000000028e       0x21 ./Core/Startup/startup_stm32f446retx.o
 .ARM.attributes
                0x00000000000002af       0x34 ./Drivers/STM32F4xx_HAL_Driver/Src/stm32f4xx_hal.o
 .ARM.attributes
                0x00000000000002e3       0x34 ./Drivers/STM32F4xx_HAL_Driver/Src/stm32f4xx_hal_can.o
 .ARM.attributes
                0x0000000000000317       0x34 ./Drivers/STM32F4xx_HAL_Driver/Src/stm32f4xx_hal_cortex.o
 .ARM.attributes
                0x000000000000034b       0x34 ./Drivers/STM32F4xx_HAL_Driver/Src/stm32f4xx_hal_dac.o
 .ARM.attributes
                0x000000000000037f       0x34 ./Drivers/STM32F4xx_HAL_Driver/Src/stm32f4xx_hal_dma.o
 .ARM.attributes
                0x00000000000003b3       0x34 ./Drivers/STM32F4xx_HAL_Driver/Src/stm32f4xx_hal_gpio.o
 .ARM.attributes
                0x00000000000003e7       0x34 ./Drivers/STM32F4xx_HAL_Driver/Src/stm32f4xx_hal_pwr_ex.o
 .ARM.attributes
                0x000000000000041b       0x34 ./Drivers/STM32F4xx_HAL_Driver/Src/stm32f4xx_hal_rcc.o
 .ARM.attributes
                0x000000000000044f       0x34 ./Drivers/STM32F4xx_HAL_Driver/Src/stm32f4xx_hal_rcc_ex.o
 .ARM.attributes
                0x0000000000000483       0x34 ./Drivers/STM32F4xx_HAL_Driver/Src/stm32f4xx_hal_tim.o
 .ARM.attributes
                0x00000000000004b7       0x34 ./Drivers/STM32F4xx_HAL_Driver/Src/stm32f4xx_hal_tim_ex.o
 .ARM.attributes
                0x00000000000004eb       0x34 ./Drivers/STM32F4xx_HAL_Driver/Src/stm32f4xx_hal_uart.o
 .ARM.attributes
                0x000000000000051f       0x34 ./modbus/mb.o
 .ARM.attributes
                0x0000000000000553       0x34 ./modbus/mbcrc.o
 .ARM.attributes
                0x0000000000000587       0x34 ./modbus/mbfunccoils.o
 .ARM.attributes
                0x00000000000005bb       0x34 ./modbus/mbfuncdisc.o
 .ARM.attributes
                0x00000000000005ef       0x34 ./modbus/mbfuncholding.o
 .ARM.attributes
                0x0000000000000623       0x34 ./modbus/mbfuncinput.o
 .ARM.attributes
                0x0000000000000657       0x34 ./modbus/mbfuncother.o
 .ARM.attributes
                0x000000000000068b       0x34 ./modbus/mbrtu.o
 .ARM.attributes
                0x00000000000006bf       0x34 ./modbus/mbutils.o
 .ARM.attributes
                0x00000000000006f3       0x34 ./modbus/portevent.o
 .ARM.attributes
                0x0000000000000727       0x34 ./modbus/portserial.o
 .ARM.attributes
                0x000000000000075b       0x34 ./modbus/porttimer.o
 .ARM.attributes
                0x000000000000078f       0x34 c:/program files/stm32cubeide/stm32cubeide/plugins/com.st.stm32cube.ide.mcu.externaltools.gnu-tools-for-stm32.10.3-2021.10.win32_1.0.0.202111181127/tools/bin/../lib/gcc/arm-none-eabi/10.3.1/../../../../arm-none-eabi/lib/thumb/v7e-m+fp/hard\libc_nano.a(lib_a-assert.o)
 .ARM.attributes
                0x00000000000007c3       0x34 c:/program files/stm32cubeide/stm32cubeide/plugins/com.st.stm32cube.ide.mcu.externaltools.gnu-tools-for-stm32.10.3-2021.10.win32_1.0.0.202111181127/tools/bin/../lib/gcc/arm-none-eabi/10.3.1/../../../../arm-none-eabi/lib/thumb/v7e-m+fp/hard\libc_nano.a(lib_a-errno.o)
 .ARM.attributes
                0x00000000000007f7       0x34 c:/program files/stm32cubeide/stm32cubeide/plugins/com.st.stm32cube.ide.mcu.externaltools.gnu-tools-for-stm32.10.3-2021.10.win32_1.0.0.202111181127/tools/bin/../lib/gcc/arm-none-eabi/10.3.1/../../../../arm-none-eabi/lib/thumb/v7e-m+fp/hard\libc_nano.a(lib_a-fprintf.o)
 .ARM.attributes
                0x000000000000082b       0x34 c:/program files/stm32cubeide/stm32cubeide/plugins/com.st.stm32cube.ide.mcu.externaltools.gnu-tools-for-stm32.10.3-2021.10.win32_1.0.0.202111181127/tools/bin/../lib/gcc/arm-none-eabi/10.3.1/../../../../arm-none-eabi/lib/thumb/v7e-m+fp/hard\libc_nano.a(lib_a-impure.o)
 .ARM.attributes
                0x000000000000085f       0x34 c:/program files/stm32cubeide/stm32cubeide/plugins/com.st.stm32cube.ide.mcu.externaltools.gnu-tools-for-stm32.10.3-2021.10.win32_1.0.0.202111181127/tools/bin/../lib/gcc/arm-none-eabi/10.3.1/../../../../arm-none-eabi/lib/thumb/v7e-m+fp/hard\libc_nano.a(lib_a-init.o)
 .ARM.attributes
                0x0000000000000893       0x34 c:/program files/stm32cubeide/stm32cubeide/plugins/com.st.stm32cube.ide.mcu.externaltools.gnu-tools-for-stm32.10.3-2021.10.win32_1.0.0.202111181127/tools/bin/../lib/gcc/arm-none-eabi/10.3.1/../../../../arm-none-eabi/lib/thumb/v7e-m+fp/hard\libc_nano.a(lib_a-memcpy-stub.o)
 .ARM.attributes