../Core/Src/main.c:65:1:__io_putchar	16	static
../Core/Src/main.c:94:6:enableBattery	48	static
../Core/Src/main.c:119:6:HAL_GPIO_EXTI_Callback	16	static
../Core/Src/main.c:135:6:HAL_CAN_RxFifo0MsgPendingCallback	16	static
../Core/Src/main.c:182:10:millis	8	static
../Core/Src/main.c:187:5:map	24	static
../Core/Src/main.c:195:6:parsing_can_data	4	static
../Core/Src/main.c:234:6:dac_compare	8	static
../Core/Src/main.c:253:5:main	24	static
../Core/Src/main.c:385:6:SystemClock_Config	88	static
../Core/Src/main.c:442:9:fetchHoldingRegsData	24	static
../Core/Src/main.c:554:6:writeHoldingRegs	16	static
../Core/Src/main.c:580:14:eMBRegHoldingCB	40	static
../Core/Src/main.c:641:14:eMBRegInputCB	16	static
../Core/Src/main.c:646:14:eMBRegCoilsCB	24	static
../Core/Src/main.c:651:14:eMBRegDiscreteCB	16	static
../Core/Src/main.c:662:6:Error_Handler	4	static,ignoring_inline_asm
